slow-assets PASS 5.23 s
missing PASS 4.89 s
empty PASS 4.86 s
catalogue-corrupt PASS 5.08 s
manifest-corrupt PASS 5.05 s
diffuse-missing PASS 4.88 s
diffuse-corrupt PASS 5.0 s
obsolete-asset-completion PASS 5.28 s
asset-timeout PASS 17.16 s
constructor-failure PASS 2.2 s
startup-hang PASS 17.56 s
post-failure PASS 5.11 s
render-hang PASS 17.66 s
actual-worker-crash PASS 6.48 s
worker-message-error PASS 6.19 s
native-target-lifecycle PASS 23.08 s
wall-clock-and-reduced-motion PASS 9.61 s
native-prayer-calendar-clock PASS 11.34 s
native-settings-with-asset-failure PASS 5.09 s
LIFECYCLE PASS 19 cases 386 assertions
