TAP version 13
# Subtest: native fixture admits the exact Moon transport initializer
ok 1 - native fixture admits the exact Moon transport initializer
  ---
  duration_ms: 0.6442
  type: 'test'
  ...
# Subtest: native fixture refuses an unknown inline script or altered Moon initializer
ok 2 - native fixture refuses an unknown inline script or altered Moon initializer
  ---
  duration_ms: 0.7381
  type: 'test'
  ...
# Subtest: native fixture refuses duplicate Moon initializers and duplicate boot owners
ok 3 - native fixture refuses duplicate Moon initializers and duplicate boot owners
  ---
  duration_ms: 0.1653
  type: 'test'
  ...
1..3
# tests 3
# suites 0
# pass 3
# fail 0
# cancelled 0
# skipped 0
# todo 0
# duration_ms 47.8495
