TAP version 13
# Subtest: CP9 F01 unowned old scalar is not an accepted elevation
ok 1 - CP9 F01 unowned old scalar is not an accepted elevation
  ---
  duration_ms: 1.2327
  type: 'test'
  ...
# Subtest: CP9 F01 A to B with missing and simulated weather never inherits A height
ok 2 - CP9 F01 A to B with missing and simulated weather never inherits A height
  ---
  duration_ms: 0.813
  type: 'test'
  ...
# Subtest: CP9 F01 A to B to A requires new-generation elevation even at same coordinates
ok 3 - CP9 F01 A to B to A requires new-generation elevation even at same coordinates
  ---
  duration_ms: 0.5558
  type: 'test'
  ...
# Subtest: CP9 F01 late A callback cannot replace legitimate B elevation
ok 4 - CP9 F01 late A callback cannot replace legitimate B elevation
  ---
  duration_ms: 0.4269
  type: 'test'
  ...
# Subtest: CP9 F01 legitimate accepted zero is distinguished from unknown zero
ok 5 - CP9 F01 legitimate accepted zero is distinguished from unknown zero
  ---
  duration_ms: 0.806
  type: 'test'
  ...
# Subtest: CP9 F01 invalid height and mismatched longitude refused
ok 6 - CP9 F01 invalid height and mismatched longitude refused
  ---
  duration_ms: 3.0486
  type: 'test'
  ...
# Subtest: CP9 F01 ineligible weather withdraws bound height; eligible same-target restoration retains provenance
ok 7 - CP9 F01 ineligible weather withdraws bound height; eligible same-target restoration retains provenance
  ---
  duration_ms: 0.5515
  type: 'test'
  ...
# Subtest: CP9 F01 subsequent B adoption reaches geometry and atmosphere once
ok 8 - CP9 F01 subsequent B adoption reaches geometry and atmosphere once
  ---
  duration_ms: 0.4407
  type: 'test'
  ...
# Subtest: CP9 Moon mask reads each native matrix coefficient once, not per raster sample
ok 9 - CP9 Moon mask reads each native matrix coefficient once, not per raster sample
  ---
  duration_ms: 5.3595
  type: 'test'
  ...
# Subtest: CP9 hoisted mask is bit-identical to the CP8.3 equation across affine transforms and display scales
ok 10 - CP9 hoisted mask is bit-identical to the CP8.3 equation across affine transforms and display scales
  ---
  duration_ms: 181.7816
  type: 'test'
  ...
# Subtest: CP9 mask hoisting does not cache across moved Moon transforms or swallow singular input
ok 11 - CP9 mask hoisting does not cache across moved Moon transforms or swallow singular input
  ---
  duration_ms: 0.5135
  type: 'test'
  ...
# Subtest: native QA gains a real-sky summary without replacing any original owner fields
ok 12 - native QA gains a real-sky summary without replacing any original owner fields
  ---
  duration_ms: 0.9255
  type: 'test'
  ...
# Subtest: optional sky diagnostics cannot make native QA throw
ok 13 - optional sky diagnostics cannot make native QA throw
  ---
  duration_ms: 0.4964
  type: 'test'
  ...
# Subtest: CP9 currentness adopts donor 30 second ceiling, inclusive boundary, no 60 second stale admission
ok 14 - CP9 currentness adopts donor 30 second ceiling, inclusive boundary, no 60 second stale admission
  ---
  duration_ms: 0.6264
  type: 'test'
  ...
# Subtest: CP9 native worker refuses a second cloud transmission owner
ok 15 - CP9 native worker refuses a second cloud transmission owner
  ---
  duration_ms: 118.6713
  type: 'test'
  ...
# Subtest: CP9 native worker refuses an added physical cloud glow; accepted local light keeps its existing owner
ok 16 - CP9 native worker refuses an added physical cloud glow; accepted local light keeps its existing owner
  ---
  duration_ms: 98.5662
  type: 'test'
  ...
# Subtest: page suspension aborts acquisition and fences its late result
ok 17 - page suspension aborts acquisition and fences its late result
  ---
  duration_ms: 0.9323
  type: 'test'
  ...
# Subtest: return resumes once with a new asset generation, not old work
ok 18 - return resumes once with a new asset generation, not old work
  ---
  duration_ms: 0.2262
  type: 'test'
  ...
# Subtest: permanent dispose cannot be reversed by a page return
ok 19 - permanent dispose cannot be reversed by a page return
  ---
  duration_ms: 0.1182
  type: 'test'
  ...
# Subtest: host lifecycle wires paired pagehide/pageshow and removes both on explicit dispose
ok 20 - host lifecycle wires paired pagehide/pageshow and removes both on explicit dispose
  ---
  duration_ms: 0.3405
  type: 'test'
  ...
# Subtest: CP9 exact same worker frame, geometry and native pixel bytes permit a redundant presentation skip
ok 21 - CP9 exact same worker frame, geometry and native pixel bytes permit a redundant presentation skip
  ---
  duration_ms: 0.808
  type: 'test'
  ...
# Subtest: CP9 new physical frame is never skipped even when the native foreground matches
ok 22 - CP9 new physical frame is never skipped even when the native foreground matches
  ---
  duration_ms: 0.0763
  type: 'test'
  ...
# Subtest: CP9 changed native cloud opacity or colour is never skipped
ok 23 - CP9 changed native cloud opacity or colour is never skipped
  ---
  duration_ms: 0.1151
  type: 'test'
  ...
# Subtest: CP9 changed PBR pixel or phase opacity is never skipped
ok 24 - CP9 changed PBR pixel or phase opacity is never skipped
  ---
  duration_ms: 0.0675
  type: 'test'
  ...
# Subtest: CP9 moved calendar cutout and changed support rows invalidate the exact presentation cache
ok 25 - CP9 moved calendar cutout and changed support rows invalidate the exact presentation cache
  ---
  duration_ms: 0.1034
  type: 'test'
  ...
# Subtest: CP9 absent prior presentation and changed capture length are never reused
ok 26 - CP9 absent prior presentation and changed capture length are never reused
  ---
  duration_ms: 0.1085
  type: 'test'
  ...
# Subtest: native disabled scintillation uses the real strength contract, not an ignored enabled flag
ok 27 - native disabled scintillation uses the real strength contract, not an ignored enabled flag
  ---
  duration_ms: 0.8058
  type: 'test'
  ...
# Subtest: CP9 F03 worker loss withdraws optional physical sky instead of executing synchronous physics
ok 28 - CP9 F03 worker loss withdraws optional physical sky instead of executing synchronous physics
  ---
  duration_ms: 0.746
  type: 'test'
  ...
# Subtest: CP9 F03 native host uses mandatory worker policy; no NativeSkyEngine main-thread fallback
ok 29 - CP9 F03 native host uses mandatory worker policy; no NativeSkyEngine main-thread fallback
  ---
  duration_ms: 0.3948
  type: 'test'
  ...
# Subtest: CP9 lifecycle fixture passes Moon protocol through without treating it as a sky job
ok 30 - CP9 lifecycle fixture passes Moon protocol through without treating it as a sky job
  ---
  duration_ms: 1.4302
  type: 'test'
  ...
# Subtest: CP9 worker hold and failure controls remain active on their own worker
ok 31 - CP9 worker hold and failure controls remain active on their own worker
  ---
  duration_ms: 0.6468
  type: 'test'
  ...
# Subtest: slow optional asset stays loading until it is admitted
ok 32 - slow optional asset stays loading until it is admitted
  ---
  duration_ms: 1.0958
  type: 'test'
  ...
# Subtest: missing data is explicit unavailable and permits successful retry
ok 33 - missing data is explicit unavailable and permits successful retry
  ---
  duration_ms: 0.5037
  type: 'test'
  ...
# Subtest: corrupt decoder/start cannot become ready
ok 34 - corrupt decoder/start cannot become ready
  ---
  duration_ms: 0.2201
  type: 'test'
  ...
# Subtest: late A completion cannot replace B after retry
ok 35 - late A completion cannot replace B after retry
  ---
  duration_ms: 0.1249
  type: 'test'
  ...
# Subtest: late obsolete rejection cannot erase successful recovery
ok 36 - late obsolete rejection cannot erase successful recovery
  ---
  duration_ms: 0.1531
  type: 'test'
  ...
# Subtest: hung load has a bounded timeout and abort
ok 37 - hung load has a bounded timeout and abort
  ---
  duration_ms: 7.8985
  type: 'test'
  ...
# Subtest: disposal prevents resurrection by any obsolete completion
ok 38 - disposal prevents resurrection by any obsolete completion
  ---
  duration_ms: 0.234
  type: 'test'
  ...
# Subtest: retry supplies a distinct generation to the request factory so pending script requests cannot coalesce
ok 39 - retry supplies a distinct generation to the request factory so pending script requests cannot coalesce
  ---
  duration_ms: 0.1467
  type: 'test'
  ...
# Subtest: native linear composition module exists
ok 40 - native linear composition module exists
  ---
  duration_ms: 0.4896
  type: 'test'
  ...
# Subtest: actual native alpha attenuates direct light once, not twice
ok 41 - actual native alpha attenuates direct light once, not twice
  ---
  duration_ms: 0.2859
  type: 'test'
  ...
# Subtest: zero-alpha native cloud leaves physical sky byte-identical
ok 42 - zero-alpha native cloud leaves physical sky byte-identical
  ---
  duration_ms: 0.4081
  type: 'test'
  ...
# Subtest: fully opaque native colour appears once at the shared exposure
ok 43 - fully opaque native colour appears once at the shared exposure
  ---
  duration_ms: 0.2031
  type: 'test'
  ...
# Subtest: native PBR material is in front of stars but behind the cloud screen
ok 44 - native PBR material is in front of stars but behind the cloud screen
  ---
  duration_ms: 0.3006
  type: 'test'
  ...
# Subtest: cloud colour is not multiplied by a second source-alpha factor
ok 45 - cloud colour is not multiplied by a second source-alpha factor
  ---
  duration_ms: 0.1448
  type: 'test'
  ...
# Subtest: native cloud vertical mask reproduces the existing support, not a whole-card veil
ok 46 - native cloud vertical mask reproduces the existing support, not a whole-card veil
  ---
  duration_ms: 0.1338
  type: 'test'
  ...
# Subtest: invalid foreground buffers or exposures are rejected
ok 47 - invalid foreground buffers or exposures are rejected
  ---
  duration_ms: 0.1647
  type: 'test'
  ...
# Subtest: PBR transparent edge does not punch a dark halo in the physical sky
ok 48 - PBR transparent edge does not punch a dark halo in the physical sky
  ---
  duration_ms: 0.2342
  type: 'test'
  ...
# Subtest: region calendar join is exactly the corresponding full-frame prefix
ok 49 - region calendar join is exactly the corresponding full-frame prefix
  ---
  duration_ms: 0.3778
  type: 'test'
  ...
# Subtest: foreground region includes current and previous Moon extents, with whole-frame bound
ok 50 - foreground region includes current and previous Moon extents, with whole-frame bound
  ---
  duration_ms: 0.1365
  type: 'test'
  ...
# Subtest: regional foreground retains identical encoded pixel values
ok 51 - regional foreground retains identical encoded pixel values
  ---
  duration_ms: 0.2119
  type: 'test'
  ...
# Subtest: native contract is implemented
ok 52 - native contract is implemented
  ---
  duration_ms: 0.5165
  type: 'test'
  ...
# Subtest: accepted UTC and generation are retained exactly
ok 53 - accepted UTC and generation are retained exactly
  ---
  duration_ms: 0.3154
  type: 'test'
  ...
# Subtest: invalid/missing observer or scene is not coerced to a valid sky
ok 54 - invalid/missing observer or scene is not coerced to a valid sky
  ---
  duration_ms: 0.5651
  type: 'test'
  ...
# Subtest: weather and camera change invalidate a target even at the same coordinates
ok 55 - weather and camera change invalidate a target even at the same coordinates
  ---
  duration_ms: 0.1096
  type: 'test'
  ...
# Subtest: new target rejects a late prior-generation result
ok 56 - new target rejects a late prior-generation result
  ---
  duration_ms: 0.1678
  type: 'test'
  ...
# Subtest: diffuse mode replaces natural night budget and preserves source estimates
ok 57 - diffuse mode replaces natural night budget and preserves source estimates
  ---
  duration_ms: 0.084
  type: 'test'
  ...
# Subtest: actual widget no longer constructs the fictitious stellar population
ok 58 - actual widget no longer constructs the fictitious stellar population
  ---
  duration_ms: 1.0389
  type: 'test'
  ...
# Subtest: native visibility assumption actually reaches the CP7 aerosol owner
ok 59 - native visibility assumption actually reaches the CP7 aerosol owner
  ---
  duration_ms: 0.2106
  type: 'test'
  ...
# Subtest: calendar transform includes native CSS scaling and card placement
ok 60 - calendar transform includes native CSS scaling and card placement
  ---
  duration_ms: 0.2942
  type: 'test'
  ...
# Subtest: calendar cutout changes direct light only, not sky or exposure
ok 61 - calendar cutout changes direct light only, not sky or exposure
  ---
  duration_ms: 0.6357
  type: 'test'
  ...
# Subtest: estimate-support selection is a distinct render identity
ok 62 - estimate-support selection is a distinct render identity
  ---
  duration_ms: 0.1102
  type: 'test'
  ...
# Subtest: native encoder exactly matches all 255 quantization boundaries and adjacent doubles
ok 63 - native encoder exactly matches all 255 quantization boundaries and adjacent doubles
  ---
  duration_ms: 4.0002
  type: 'test'
  ...
# Subtest: native encoder matches the oracle across exposures, negative channels, saturation and random doubles
ok 64 - native encoder matches the oracle across exposures, negative channels, saturation and random doubles
  ---
  duration_ms: 38.8433
  type: 'test'
  ...
# Subtest: native encoder keeps boundary equality after rounded exposure multiplication
ok 65 - native encoder keeps boundary equality after rounded exposure multiplication
  ---
  duration_ms: 3.1502
  type: 'test'
  ...
# Subtest: native encoder retains invalid-buffer/channel/exposure rejection
ok 66 - native encoder retains invalid-buffer/channel/exposure rejection
  ---
  duration_ms: 0.3785
  type: 'test'
  ...
# Subtest: native engine renders only the admitted actual catalogue
ok 67 - native engine renders only the admitted actual catalogue
  ---
  duration_ms: 497.1886
  type: 'test'
  ...
# Subtest: same-length corrupt catalogue is rejected before native rendering
ok 68 - same-length corrupt catalogue is rejected before native rendering
  ---
  duration_ms: 78.3541
  type: 'test'
  ...
# Subtest: wrong manifest is rejected rather than repaired or replaced
ok 69 - wrong manifest is rejected rather than repaired or replaced
  ---
  duration_ms: 0.2223
  type: 'test'
  ...
# Subtest: native geometry changes with accepted time and observer
ok 70 - native geometry changes with accepted time and observer
  ---
  duration_ms: 777.3993
  type: 'test'
  ...
# Subtest: native physical mode admits the retained real diffuse source with gas-only worker transport
ok 71 - native physical mode admits the retained real diffuse source with gas-only worker transport
  ---
  duration_ms: 1280.8166
  type: 'test'
  ...
# Subtest: missing native map yields fresh explicitly labelled CP6 sky at current native UTC
ok 72 - missing native map yields fresh explicitly labelled CP6 sky at current native UTC
  ---
  duration_ms: 230.903
  type: 'test'
  ...
# Subtest: same-byte-count corrupt map is not displayed or silently replaced
ok 73 - same-byte-count corrupt map is not displayed or silently replaced
  ---
  duration_ms: 319.9717
  type: 'test'
  ...
# Subtest: rejecting map estimates keeps incomplete exposure explicit in native mode
ok 74 - rejecting map estimates keeps incomplete exposure explicit in native mode
  ---
  duration_ms: 1403.7852
  type: 'test'
  ...
# Subtest: default bottom horizon follows the authoritative inverse projection
ok 75 - default bottom horizon follows the authoritative inverse projection
  ---
  duration_ms: 1.0907
  type: 'test'
  ...
# Subtest: camera predicate agrees with inverse projection across rotations and boundary rays
ok 76 - camera predicate agrees with inverse projection across rotations and boundary rays
  ---
  duration_ms: 1.712
  type: 'test'
  ...
# Subtest: bright sky retains radiance to the bottom pixel without altering projection or exposure policy
ok 77 - bright sky retains radiance to the bottom pixel without altering projection or exposure policy
  ---
  duration_ms: 66.6732
  type: 'test'
  ...
# Subtest: an unchanged scene cannot admit a frame two minutes out of date
ok 78 - an unchanged scene cannot admit a frame two minutes out of date
  ---
  duration_ms: 0.7543
  type: 'test'
  ...
# Subtest: ordinary short worker latency remains eligible
ok 79 - ordinary short worker latency remains eligible
  ---
  duration_ms: 0.0969
  type: 'test'
  ...
# Subtest: frozen preview result at the exact accepted time is eligible
ok 80 - frozen preview result at the exact accepted time is eligible
  ---
  duration_ms: 0.0673
  type: 'test'
  ...
# Subtest: initial request renders once and retains captured input
ok 81 - initial request renders once and retains captured input
  ---
  duration_ms: 0.7155
  type: 'test'
  ...
# Subtest: A→B obsolete successful completion cannot paint A
ok 82 - A→B obsolete successful completion cannot paint A
  ---
  duration_ms: 0.235
  type: 'test'
  ...
# Subtest: A→B→A coalesces to newest A generation without painting first A
ok 83 - A→B→A coalesces to newest A generation without painting first A
  ---
  duration_ms: 0.9623
  type: 'test'
  ...
# Subtest: obsolete rejection cannot report error over newer target
ok 84 - obsolete rejection cannot report error over newer target
  ---
  duration_ms: 0.6028
  type: 'test'
  ...
# Subtest: explicit invalidation fences a pending completion even when identity is reused
ok 85 - explicit invalidation fences a pending completion even when identity is reused
  ---
  duration_ms: 0.2779
  type: 'test'
  ...
# Subtest: wall-clock forward discontinuity fences late completion with same scene identity
ok 86 - wall-clock forward discontinuity fences late completion with same scene identity
  ---
  duration_ms: 0.4646
  type: 'test'
  ...
# Subtest: wall-clock backward discontinuity is caught even without a timer poll
ok 87 - wall-clock backward discontinuity is caught even without a timer poll
  ---
  duration_ms: 0.3913
  type: 'test'
  ...
# Subtest: short explicit seek changing native anchor also fences
ok 88 - short explicit seek changing native anchor also fences
  ---
  duration_ms: 0.358
  type: 'test'
  ...
# Subtest: normal wall time and monotonic time advancement does not repeatedly supersede slow job
ok 89 - normal wall time and monotonic time advancement does not repeatedly supersede slow job
  ---
  duration_ms: 0.1958
  type: 'test'
  ...
# Subtest: invalid input clears and cannot retain old diagnostic authority
ok 90 - invalid input clears and cannot retain old diagnostic authority
  ---
  duration_ms: 0.2615
  type: 'test'
  ...
# Subtest: hidden state refuses forced work and obsolete completions
ok 91 - hidden state refuses forced work and obsolete completions
  ---
  duration_ms: 0.145
  type: 'test'
  ...
# Subtest: reduced motion invalidates but does not freeze accepted astronomical time
ok 92 - reduced motion invalidates but does not freeze accepted astronomical time
  ---
  duration_ms: 0.1272
  type: 'test'
  ...
# Subtest: timezone-only update invalidates even with unchanged coordinates
ok 93 - timezone-only update invalidates even with unchanged coordinates
  ---
  duration_ms: 0.1134
  type: 'test'
  ...
# Subtest: expired accepted frame clears before a refresh
ok 94 - expired accepted frame clears before a refresh
  ---
  duration_ms: 0.4119
  type: 'test'
  ...
# Subtest: dispose fences all callbacks and never restarts
ok 95 - dispose fences all callbacks and never restarts
  ---
  duration_ms: 0.1039
  type: 'test'
  ...
# Subtest: timetable CSS and geometry equal the user-supplied 2057503 snapshot
ok 96 - timetable CSS and geometry equal the user-supplied 2057503 snapshot
  ---
  duration_ms: 1.4143
  type: 'test'
  ...
# Subtest: native opt-in contrast normal retains the existing white-backdrop 4.5 bound
ok 97 - native opt-in contrast normal retains the existing white-backdrop 4.5 bound
  ---
  duration_ms: 0.4883
  type: 'test'
  ...
# Subtest: native opt-in contrast past retains the existing white-backdrop 4.5 bound
ok 98 - native opt-in contrast past retains the existing white-backdrop 4.5 bound
  ---
  duration_ms: 0.2007
  type: 'test'
  ...
# Subtest: native opt-in contrast on retains the existing white-backdrop 4.5 bound
ok 99 - native opt-in contrast on retains the existing white-backdrop 4.5 bound
  ---
  duration_ms: 0.2397
  type: 'test'
  ...
# Subtest: glass comparison preserves the pinned aesthetic without inventing an accessibility claim
ok 100 - glass comparison preserves the pinned aesthetic without inventing an accessibility claim
  ---
  duration_ms: 0.5395
  type: 'test'
  ...
# Subtest: native contrast past attenuation mutation is detected
ok 101 - native contrast past attenuation mutation is detected
  ---
  duration_ms: 0.7214
  type: 'test'
  ...
# Subtest: native contrast on attenuation mutation is detected
ok 102 - native contrast on attenuation mutation is detected
  ---
  duration_ms: 0.4961
  type: 'test'
  ...
# Subtest: native config and builder preserved byte for byte
ok 103 - native config and builder preserved byte for byte
  ---
  duration_ms: 0.9462
  type: 'test'
  ...
# Subtest: native PBR maps, phase, Earthshine, material and calendar renderer unchanged
ok 104 - native PBR maps, phase, Earthshine, material and calendar renderer unchanged
  ---
  duration_ms: 0.5615
  type: 'test'
  ...
# Subtest: native weather admission/cloud painting and atmosphere derivation unchanged
ok 105 - native weather admission/cloud painting and atmosphere derivation unchanged
  ---
  duration_ms: 0.2479
  type: 'test'
  ...
# Subtest: native prayer fetching, accepted clock and settings source unchanged
ok 106 - native prayer fetching, accepted clock and settings source unchanged
  ---
  duration_ms: 0.1674
  type: 'test'
  ...
# Subtest: 10x cadence refreshes before the accepted frame exhausts its thirty-second age budget
ok 107 - 10x cadence refreshes before the accepted frame exhausts its thirty-second age budget
  ---
  duration_ms: 1.2908
  type: 'test'
  ...
# Subtest: a completed frame outside the rate envelope reports finite unavailability and never publishes
ok 108 - a completed frame outside the rate envelope reports finite unavailability and never publishes
  ---
  duration_ms: 0.2459
  type: 'test'
  ...
# Subtest: expiration of the displayed frame does not invalidate a newer current refresh
ok 109 - expiration of the displayed frame does not invalidate a newer current refresh
  ---
  duration_ms: 0.2739
  type: 'test'
  ...
# Subtest: repeated force notifications coalesce identical in-flight UTC instead of starving completion
ok 110 - repeated force notifications coalesce identical in-flight UTC instead of starving completion
  ---
  duration_ms: 0.2257
  type: 'test'
  ...
# Subtest: an unsupported moving rate recovers at frozen time with fresh identity and no stale error
ok 111 - an unsupported moving rate recovers at frozen time with fresh identity and no stale error
  ---
  duration_ms: 0.7102
  type: 'test'
  ...
# Subtest: A to B to A during a rate change admits only the new generation
ok 112 - A to B to A during a rate change admits only the new generation
  ---
  duration_ms: 0.5181
  type: 'test'
  ...
# Subtest: a backward seek without generation change clears rate diagnostics and fences completion
ok 113 - a backward seek without generation change clears rate diagnostics and fences completion
  ---
  duration_ms: 0.4496
  type: 'test'
  ...
# Subtest: source reload during acceleration disposes the old queue before successor acceptance
ok 114 - source reload during acceleration disposes the old queue before successor acceptance
  ---
  duration_ms: 0.3628
  type: 'test'
  ...
1..114
# tests 114
# suites 0
# pass 114
# fail 0
# cancelled 0
# skipped 0
# todo 0
# duration_ms 6142.606
