{
  "timesMs": [
    88.79999999701977,
    2.4000000059604645,
    1.5,
    2,
    2.2999999970197678,
    1.5
  ],
  "maxCodeDifference": 0,
  "differentChannels": 0,
  "cloudAlphaMean": 0.071809465266528,
  "cloudOutsideDeclaredSupport": 0,
  "calendarCutoutPixels": 8376,
  "mutations": {
    "doubleTransmission": 96679,
    "doubleColourAlpha": 101255,
    "moonAfterCloud": 18446
  },
  "composition": {
    "cloudApplications": 1,
    "meanCloudAlpha": 0.071809465266528,
    "maxCloudAlpha": 0.8941176470588236,
    "moonPixels": 8380,
    "cloudTransmissionOwner": "1 - native painted alpha after native blur and vertical mask",
    "order": "gas-transported sky \u2192 calendar direct-light cutout \u2192 native PBR material \u2192 native cloud screen \u2192 one shared encode",
    "cloudColour": "display-referred native painter; inverse shared tone map; not measured cloud radiance",
    "exposureOwner": "CP7 sky+diffuse meter before calendar/foreground; native foreground excluded",
    "saturation": "native code 255 uses 1 - 1/131072 in inverse tone map",
    "moonSurface": "native-300px-backing-canvas",
    "moonAlpha": 1,
    "cloudBuffer": {
      "width": 144,
      "height": 232
    },
    "maskStops": [
      0,
      0.03,
      0.24,
      0.34,
      1
    ],
    "cloudSource": "hidden",
    "updatedRows": 183,
    "totalRows": 530,
    "lastComposeMs": 1.4000000059604645
  },
  "exposure": 23.073694385563,
  "criterion": "All 325\u00d7530 encoded pixels exactly equal the full-frame reference equation; all three deliberately wrong equations must disagree.",
  "pageErrors": []
}
