PASS positive: builder current search and canonical serialized tuple
PASS positive: builder label input already invalidates an older search
PASS coarse-after-London cannot change form, feedback, pin, bias or export
PASS builder reverse body after newer reverse cannot mix a tuple
PASS builder GPS after manual coordinates is a complete no-op
PASS builder search after manual coordinates cannot overwrite export
PASS builder accepted GPS reverse continuation and manual method override
PASS builder manual label retained during deliberate current GPS
PASS settings London then Cairo Shift+Enter cannot save London
PASS settings changed query requests Cairo instead of cycling London
PASS positive: both forms retain same-query candidate cycling
PASS both forms A to B to A bind results to newest generation
PASS settings GPS after manual coordinates cannot mark precise or save it
PASS settings precise permission await cannot outlive newer intent
PASS settings close/reopen invalidates search, GPS and reset detection
PASS settings close alone makes pending search and GPS complete no-ops
PASS settings delayed open focus cannot steal restored opener after close
PASS settings reset detection after manual edit cannot applyConfig
PASS positive: settings current GPS and reset remain usable
PASS both forms current error survives obsolete failure and feedback timer
PASS settings unrelated preference edit preserves a current lookup
{"cases":21,"passed":21,"failed":0,"ref":"18ff14860ff41c084b1db5f396bb62aa9c22b1be","mutant":null,"native":"NOT_RUN"}
