slow-assets PASS 3.0 s
missing PASS 2.27 s
empty PASS 2.14 s
catalogue-corrupt PASS 2.58 s
manifest-corrupt PASS 2.42 s
diffuse-missing PASS 2.58 s
diffuse-corrupt PASS 2.86 s
obsolete-asset-completion PASS 2.64 s
asset-timeout PASS 17.02 s
constructor-failure PASS 2.7 s
startup-hang PASS 17.33 s
post-failure PASS 2.58 s
render-hang PASS 17.47 s
actual-worker-crash PASS 4.7 s
worker-message-error PASS 4.45 s
native-target-lifecycle PASS 20.64 s
wall-clock-and-reduced-motion PASS 6.66 s
native-prayer-calendar-clock PASS 7.94 s
native-settings-with-asset-failure PASS 2.72 s
LIFECYCLE PASS 19 cases 386 assertions
