TAP version 13
# Subtest: native celestial presence follows the accepted physical Sun, not timetable-fitted altitude
ok 1 - native celestial presence follows the accepted physical Sun, not timetable-fitted altitude
  ---
  duration_ms: 93.7661
  type: 'test'
  ...
# Subtest: lunar droplet corona needs admitted water cloud or fog, not humidity alone
ok 2 - lunar droplet corona needs admitted water cloud or fog, not humidity alone
  ---
  duration_ms: 70.6453
  type: 'test'
  ...
# Subtest: solar body has one radiometric colour profile, without a brighter independent orange collar
ok 3 - solar body has one radiometric colour profile, without a brighter independent orange collar
  ---
  duration_ms: 70.7058
  type: 'test'
  ...
# Subtest: enlarged solar body does not inflate at the horizon; high Sun and horizon presence stay independent
ok 4 - enlarged solar body does not inflate at the horizon; high Sun and horizon presence stay independent
  ---
  duration_ms: 68.7109
  type: 'test'
  ...
# Subtest: low solar body has a resolved continuous radiance profile instead of a flat central fill
ok 5 - low solar body has a resolved continuous radiance profile instead of a flat central fill
  ---
  duration_ms: 63.0828
  type: 'test'
  ...
# Subtest: clear low-Sun colour recovers with atmospheric beam transmission before noon
ok 6 - clear low-Sun colour recovers with atmospheric beam transmission before noon
  ---
  duration_ms: 63.5376
  type: 'test'
  ...
# Subtest: cloud twilight colour follows solar geometry, never the binary timetable day flag
ok 7 - cloud twilight colour follows solar geometry, never the binary timetable day flag
  ---
  duration_ms: 63.9909
  type: 'test'
  ...
# Subtest: predawn clouds retain cool ambient light and low-Sun cloud colour evolves continuously
ok 8 - predawn clouds retain cool ambient light and low-Sun cloud colour evolves continuously
  ---
  duration_ms: 65.1835
  type: 'test'
  ...
# Subtest: second-level boundaries for every event and Sunrise to Forenoon retain independent current/next
ok 9 - second-level boundaries for every event and Sunrise to Forenoon retain independent current/next
  ---
  duration_ms: 110.0905
  type: 'test'
  ...
# Subtest: overnight next row uses tomorrow Fajr, same target as countdown and arc
ok 10 - overnight next row uses tomorrow Fajr, same target as countdown and arc
  ---
  duration_ms: 60.7747
  type: 'test'
  ...
# Subtest: new target withdraws old prayer rows, countdown and weather together before provider settlement
ok 11 - new target withdraws old prayer rows, countdown and weather together before provider settlement
  ---
  duration_ms: 42.5769
  type: 'test'
  ...
# Subtest: yesterday cannot nominate a current next prayer at midnight; eligible tomorrow promotion restores it
ok 12 - yesterday cannot nominate a current next prayer at midnight; eligible tomorrow promotion restores it
  ---
  duration_ms: 64.1451
  type: 'test'
  ...
# Subtest: live current categories keep condition icons and model-supported precipitation without observed strikes
ok 13 - live current categories keep condition icons and model-supported precipitation without observed strikes
  ---
  duration_ms: 544.9512
  type: 'test'
  ...
# Subtest: weather unavailable, expired and wrong target never retains old temperature/icon pair
ok 14 - weather unavailable, expired and wrong target never retains old temperature/icon pair
  ---
  duration_ms: 199.2376
  type: 'test'
  ...
# Subtest: missing or contradictory amounts retain a model condition without inventing rain effects
ok 15 - missing or contradictory amounts retain a model condition without inventing rain effects
  ---
  duration_ms: 189.1055
  type: 'test'
  ...
# Subtest: missing temperature does not discard an eligible model condition or retain an old value
ok 16 - missing temperature does not discard an eligible model condition or retain an old value
  ---
  duration_ms: 64.5035
  type: 'test'
  ...
# Subtest: every supported provider WMO code retains its category in the live condition lane
ok 17 - every supported provider WMO code retains its category in the live condition lane
  ---
  duration_ms: 157.1709
  type: 'test'
  ...
# Subtest: new-generation tomorrow adoption cannot re-admit old-generation current rows
ok 18 - new-generation tomorrow adoption cannot re-admit old-generation current rows
  ---
  duration_ms: 34.872
  type: 'test'
  ...
# Subtest: native clock controls pause, seek, change rate and return to the live current-weather lane
ok 19 - native clock controls pause, seek, change rate and return to the live current-weather lane
  ---
  duration_ms: 77.1629
  type: 'test'
  ...
# Subtest: pausing an explicit forecast playback retains preview provenance instead of dropping its weather
ok 20 - pausing an explicit forecast playback retains preview provenance instead of dropping its weather
  ---
  duration_ms: 77.9081
  type: 'test'
  ...
# Subtest: hourly thunder model in time-lapse does not invent lightning observations or flashes
ok 21 - hourly thunder model in time-lapse does not invent lightning observations or flashes
  ---
  duration_ms: 70.7887
  type: 'test'
  ...
1..21
# tests 21
# suites 0
# pass 21
# fail 0
# cancelled 0
# skipped 0
# todo 0
# duration_ms 2328.4733
