TAP version 13
# WEATHER source C:\\Users\\theis\\Documents\\Codex\\pr42-rlgwo-closure-20261008\\workers\\C\\mutants\\R000E-direct-numeric-radar.html SHA256 66dfa22592c99ebcc3e2683c8935f975b9af514731689529c45e47782425d305
# WEATHER config source C:\\Users\\theis\\.codex\\worktrees\\hotfix-startup-clouds\\salah_widget\\config.js SHA256 91a37863cd85e232e9a63bba9db533b82699e63140086ba4b78fcf9c0581ec81
# WEATHER request-owner SHA256 66dfa22592c99ebcc3e2683c8935f975b9af514731689529c45e47782425d305
# Subtest: R000E lower-level model control 63/0/2 -> 3
not ok 1 - R000E lower-level model control 63/0/2 -> 3
  ---
  duration_ms: 9.1985
  type: 'test'
  location: 'C:\\Users\\theis\\.codex\\worktrees\\hotfix-startup-clouds\\salah_widget\\tests\\r000c-weather.test.cjs:452:3'
  failureType: 'testCodeFailure'
  error: |-
    Expected values to be strictly equal:
    
    63 !== 3
    
  code: 'ERR_ASSERTION'
  name: 'AssertionError'
  expected: 3
  actual: 63
  operator: 'strictEqual'
  stack: |-
    TestContext.<anonymous> (C:\Users\theis\.codex\worktrees\hotfix-startup-clouds\salah_widget\tests\r000c-weather.test.cjs:453:33)
    Test.runInAsyncScope (node:async_hooks:214:14)
    Test.run (node:internal/test_runner/test:1047:25)
    Test.start (node:internal/test_runner/test:944:17)
    startSubtestAfterBootstrap (node:internal/test_runner/harness:296:17)
    process.processTicksAndRejections (node:internal/process/task_queues:105:5)
  ...
# Subtest: R000E lower-level model control 95/0/5 -> 3
not ok 2 - R000E lower-level model control 95/0/5 -> 3
  ---
  duration_ms: 3.8366
  type: 'test'
  location: 'C:\\Users\\theis\\.codex\\worktrees\\hotfix-startup-clouds\\salah_widget\\tests\\r000c-weather.test.cjs:452:3'
  failureType: 'testCodeFailure'
  error: |-
    Expected values to be strictly equal:
    
    95 !== 3
    
  code: 'ERR_ASSERTION'
  name: 'AssertionError'
  expected: 3
  actual: 95
  operator: 'strictEqual'
  stack: |-
    TestContext.<anonymous> (C:\Users\theis\.codex\worktrees\hotfix-startup-clouds\salah_widget\tests\r000c-weather.test.cjs:453:33)
    Test.runInAsyncScope (node:async_hooks:214:14)
    Test.run (node:internal/test_runner/test:1047:25)
    Test.processPendingSubtests (node:internal/test_runner/test:744:18)
    Test.postRun (node:internal/test_runner/test:1173:19)
    Test.run (node:internal/test_runner/test:1101:12)
    process.processTicksAndRejections (node:internal/process/task_queues:105:5)
    async startSubtestAfterBootstrap (node:internal/test_runner/harness:296:3)
  ...
# Subtest: R000E lower-level model control 95/0.3/5 -> 63
not ok 3 - R000E lower-level model control 95/0.3/5 -> 63
  ---
  duration_ms: 4.6512
  type: 'test'
  location: 'C:\\Users\\theis\\.codex\\worktrees\\hotfix-startup-clouds\\salah_widget\\tests\\r000c-weather.test.cjs:452:3'
  failureType: 'testCodeFailure'
  error: |-
    Expected values to be strictly equal:
    
    95 !== 63
    
  code: 'ERR_ASSERTION'
  name: 'AssertionError'
  expected: 63
  actual: 95
  operator: 'strictEqual'
  stack: |-
    TestContext.<anonymous> (C:\Users\theis\.codex\worktrees\hotfix-startup-clouds\salah_widget\tests\r000c-weather.test.cjs:453:33)
    Test.runInAsyncScope (node:async_hooks:214:14)
    Test.run (node:internal/test_runner/test:1047:25)
    Test.processPendingSubtests (node:internal/test_runner/test:744:18)
    Test.postRun (node:internal/test_runner/test:1173:19)
    Test.run (node:internal/test_runner/test:1101:12)
    process.processTicksAndRejections (node:internal/process/task_queues:105:5)
    async Test.processPendingSubtests (node:internal/test_runner/test:744:7)
  ...
# Subtest: R000E lower-level model control 95/2/0 -> 95
ok 4 - R000E lower-level model control 95/2/0 -> 95
  ---
  duration_ms: 5.016
  type: 'test'
  ...
# Subtest: R000E lower-level model control 0/0/5 -> 0
ok 5 - R000E lower-level model control 0/0/5 -> 0
  ---
  duration_ms: 5.0558
  type: 'test'
  ...
1..5
# tests 5
# suites 0
# pass 2
# fail 3
# cancelled 0
# skipped 0
# todo 0
# duration_ms 104.4536
