TAP version 13
# WEATHER source C:\\Users\\theis\\.codex\\worktrees\\hotfix-startup-clouds\\salah_widget\\index.html SHA256 ff728552442f4bcce7f213a089bf01d4cf70ea8d74040bdd3323768ca453beee
# WEATHER config source C:\\Users\\theis\\.codex\\worktrees\\hotfix-startup-clouds\\salah_widget\\config.js SHA256 91a37863cd85e232e9a63bba9db533b82699e63140086ba4b78fcf9c0581ec81
# WEATHER request-owner SHA256 ff728552442f4bcce7f213a089bf01d4cf70ea8d74040bdd3323768ca453beee
# Subtest: R000E 0dBZ actual tile sampler never contributes quantitative authority
ok 1 - R000E 0dBZ actual tile sampler never contributes quantitative authority
  ---
  duration_ms: 10.92
  type: 'test'
  ...
# Subtest: R000E 15dBZ actual tile sampler never contributes quantitative authority
ok 2 - R000E 15dBZ actual tile sampler never contributes quantitative authority
  ---
  duration_ms: 4.3567
  type: 'test'
  ...
# Subtest: R000E 20dBZ actual tile sampler never contributes quantitative authority
ok 3 - R000E 20dBZ actual tile sampler never contributes quantitative authority
  ---
  duration_ms: 4.4803
  type: 'test'
  ...
# Subtest: R000E 45dBZ actual tile sampler never contributes quantitative authority
ok 4 - R000E 45dBZ actual tile sampler never contributes quantitative authority
  ---
  duration_ms: 4.8146
  type: 'test'
  ...
# Subtest: R000E transparent actual tile sampler never contributes quantitative authority
ok 5 - R000E transparent actual tile sampler never contributes quantitative authority
  ---
  duration_ms: 2.945
  type: 'test'
  ...
1..5
# tests 5
# suites 0
# pass 5
# fail 0
# cancelled 0
# skipped 0
# todo 0
# duration_ms 128.8725
