TAP version 13
# WEATHER source C:\\Users\\theis\\.codex\\worktrees\\hotfix-startup-clouds\\salah_widget\\index.html SHA256 ff728552442f4bcce7f213a089bf01d4cf70ea8d74040bdd3323768ca453beee
# WEATHER config source C:\\Users\\theis\\.codex\\worktrees\\hotfix-startup-clouds\\salah_widget\\config.js SHA256 91a37863cd85e232e9a63bba9db533b82699e63140086ba4b78fcf9c0581ec81
# WEATHER request-owner SHA256 ff728552442f4bcce7f213a089bf01d4cf70ea8d74040bdd3323768ca453beee
# Subtest: control: healthy weather and readable tile reach actual current consumers
ok 1 - control: healthy weather and readable tile reach actual current consumers
  ---
  duration_ms: 57.4674
  type: 'test'
  ...
# Subtest: R000D weather headers is busy at 9999ms and released at 10000ms
ok 2 - R000D weather headers is busy at 9999ms and released at 10000ms
  ---
  duration_ms: 6.1286
  type: 'test'
  ...
# Subtest: R000D weather headers timeout permits healthy retry only after existing throttle
ok 3 - R000D weather headers timeout permits healthy retry only after existing throttle
  ---
  duration_ms: 38.3383
  type: 'test'
  ...
# Subtest: R000D weather body is busy at 9999ms and released at 10000ms
ok 4 - R000D weather body is busy at 9999ms and released at 10000ms
  ---
  duration_ms: 2.7473
  type: 'test'
  ...
# Subtest: R000D weather body timeout permits healthy retry only after existing throttle
ok 5 - R000D weather body timeout permits healthy retry only after existing throttle
  ---
  duration_ms: 34.5159
  type: 'test'
  ...
# Subtest: R000D radar headers is busy at 9999ms and released at 10000ms
ok 6 - R000D radar headers is busy at 9999ms and released at 10000ms
  ---
  duration_ms: 4.1093
  type: 'test'
  ...
# Subtest: R000D radar headers timeout permits healthy retry only after existing throttle
ok 7 - R000D radar headers timeout permits healthy retry only after existing throttle
  ---
  duration_ms: 4.8739
  type: 'test'
  ...
# Subtest: R000D radar body is busy at 9999ms and released at 10000ms
ok 8 - R000D radar body is busy at 9999ms and released at 10000ms
  ---
  duration_ms: 3.2432
  type: 'test'
  ...
# Subtest: R000D radar body timeout permits healthy retry only after existing throttle
ok 9 - R000D radar body timeout permits healthy retry only after existing throttle
  ---
  duration_ms: 5.7802
  type: 'test'
  ...
# Subtest: R000D delayed timer delivery cannot admit weather body after absolute elapsed deadline
ok 10 - R000D delayed timer delivery cannot admit weather body after absolute elapsed deadline
  ---
  duration_ms: 2.8895
  type: 'test'
  ...
# Subtest: R000D timeout reason cannot renew stale current, accepted timestamp or cache
ok 11 - R000D timeout reason cannot renew stale current, accepted timestamp or cache
  ---
  duration_ms: 34.9897
  type: 'test'
  ...
# Subtest: R000D explicit advancing scene still uses ten seconds of real elapsed attempt time
ok 12 - R000D explicit advancing scene still uses ten seconds of real elapsed attempt time
  ---
  duration_ms: 4.0868
  type: 'test'
  ...
# Subtest: R000D radar image deadline detaches handlers and retained callbacks cannot install
ok 13 - R000D radar image deadline detaches handlers and retained callbacks cannot install
  ---
  duration_ms: 3.701
  type: 'test'
  ...
# Subtest: control: manifest 9999ms then image 9999ms succeeds within combined bound
ok 14 - control: manifest 9999ms then image 9999ms succeeds within combined bound
  ---
  duration_ms: 4.2827
  type: 'test'
  ...
# Subtest: R000D image absolute deadline rejects late load even before its timer callback
ok 15 - R000D image absolute deadline rejects late load even before its timer callback
  ---
  duration_ms: 5.0233
  type: 'test'
  ...
# Subtest: R000D saved old timeout after success cannot clear a new active weather owner
ok 16 - R000D saved old timeout after success cannot clear a new active weather owner
  ---
  duration_ms: 31.9004
  type: 'test'
  ...
# Subtest: R0003 weather obsolete error/finally cannot release successor
ok 17 - R0003 weather obsolete error/finally cannot release successor
  ---
  duration_ms: 31.3556
  type: 'test'
  ...
# Subtest: R0003 radar obsolete error/finally cannot release successor
ok 18 - R0003 radar obsolete error/finally cannot release successor
  ---
  duration_ms: 2.446
  type: 'test'
  ...
# Subtest: R0003 old weather success cannot install or persist after target/unit replacement
ok 19 - R0003 old weather success cannot install or persist after target/unit replacement
  ---
  duration_ms: 34.033
  type: 'test'
  ...
# Subtest: R0003 old image onload cannot install or clear current target image attempt
ok 20 - R0003 old image onload cannot install or clear current target image attempt
  ---
  duration_ms: 2.9904
  type: 'test'
  ...
# Subtest: control: ordinary weather rejection releases its timers and slots
ok 21 - control: ordinary weather rejection releases its timers and slots
  ---
  duration_ms: 2.9791
  type: 'test'
  ...
# Subtest: control: ordinary malformed JSON releases its timers and slots
ok 22 - control: ordinary malformed JSON releases its timers and slots
  ---
  duration_ms: 2.9852
  type: 'test'
  ...
# Subtest: control: ordinary image error releases its timers and slots
ok 23 - control: ordinary image error releases its timers and slots
  ---
  duration_ms: 34.3851
  type: 'test'
  ...
# Subtest: control: ordinary canvas failure releases its timers and slots
ok 24 - control: ordinary canvas failure releases its timers and slots
  ---
  duration_ms: 30.5151
  type: 'test'
  ...
1..24
# tests 24
# suites 0
# pass 24
# fail 0
# cancelled 0
# skipped 0
# todo 0
# duration_ms 443.1974
