TAP version 13
# WEATHER source C:\\Users\\theis\\.codex\\worktrees\\hotfix-startup-clouds\\salah_widget\\index.html SHA256 ff728552442f4bcce7f213a089bf01d4cf70ea8d74040bdd3323768ca453beee
# WEATHER config source C:\\Users\\theis\\.codex\\worktrees\\hotfix-startup-clouds\\salah_widget\\config.js SHA256 91a37863cd85e232e9a63bba9db533b82699e63140086ba4b78fcf9c0581ec81
# WEATHER request-owner SHA256 ff728552442f4bcce7f213a089bf01d4cf70ea8d74040bdd3323768ca453beee
# Subtest: R0024/H5 live model rain presents supported particles without direct-observation authority
ok 1 - R0024/H5 live model rain presents supported particles without direct-observation authority
  ---
  duration_ms: 60.5341
  type: 'test'
  ...
# Subtest: R0024/H5 live model snow presents supported particles without direct-observation authority
ok 2 - R0024/H5 live model snow presents supported particles without direct-observation authority
  ---
  duration_ms: 40.1852
  type: 'test'
  ...
# Subtest: R0024/H5 live model thunder presents supported particles without direct-observation authority
ok 3 - R0024/H5 live model thunder presents supported particles without direct-observation authority
  ---
  duration_ms: 39.3458
  type: 'test'
  ...
# Subtest: R0024 eligible model-clear chip visibly distinguishes estimate from local observation
ok 4 - R0024 eligible model-clear chip visibly distinguishes estimate from local observation
  ---
  duration_ms: 33.8103
  type: 'test'
  ...
# Subtest: R0024 no current data is visible unknown, with no retained weather consumers
ok 5 - R0024 no current data is visible unknown, with no retained weather consumers
  ---
  duration_ms: 5.8008
  type: 'test'
  ...
# Subtest: control: explicit advancing forecast retains its marked preview positive
ok 6 - control: explicit advancing forecast retains its marked preview positive
  ---
  duration_ms: 36.7372
  type: 'test'
  ...
# Subtest: R0024 A qualified synthetic present wet reaches actual rain with model dry disagreement
ok 7 - R0024 A qualified synthetic present wet reaches actual rain with model dry disagreement
  ---
  duration_ms: 34.9628
  type: 'test'
  ...
# Subtest: R0024 qualified synthetic present snow and observed lightning have separate actual positives
ok 8 - R0024 qualified synthetic present snow and observed lightning have separate actual positives
  ---
  duration_ms: 111.569
  type: 'test'
  ...
# Subtest: R0024 synthetic input cannot upgrade the ordinary live lane
ok 9 - R0024 synthetic input cannot upgrade the ordinary live lane
  ---
  duration_ms: 33.7019
  type: 'test'
  ...
# Subtest: R0024 source-bound positive expires at its exact lease end without cloud smoothing
ok 10 - R0024 source-bound positive expires at its exact lease end without cloud smoothing
  ---
  duration_ms: 37.7118
  type: 'test'
  ...
# Subtest: R0024 rain end, source outage and target supersession each withdraw the actual wet consumer
ok 11 - R0024 rain end, source outage and target supersession each withdraw the actual wet consumer
  ---
  duration_ms: 46.0249
  type: 'test'
  ...
# Subtest: R0024 B operational qualified negative retains model rain as disagreement with no particles
ok 12 - R0024 B operational qualified negative retains model rain as disagreement with no particles
  ---
  duration_ms: 35.4923
  type: 'test'
  ...
# Subtest: R0024 C dry point plus qualified nearby arrival stays independent and cannot rain locally
ok 13 - R0024 C dry point plus qualified nearby arrival stays independent and cannot rain locally
  ---
  duration_ms: 37.9978
  type: 'test'
  ...
# Subtest: R0024 current synthetic rain and later approach coexist without WMO veto
ok 14 - R0024 current synthetic rain and later approach coexist without WMO veto
  ---
  duration_ms: 33.2841
  type: 'test'
  ...
# Subtest: R0024 missing or invalid surrounding quality cannot veto separately qualified present wet
ok 15 - R0024 missing or invalid surrounding quality cannot veto separately qualified present wet
  ---
  duration_ms: 32.1208
  type: 'test'
  ...
# Subtest: R0024 D no decoded radar observation plus model rain is estimated wet, never confirmed dry
ok 16 - R0024 D no decoded radar observation plus model rain is estimated wet, never confirmed dry
  ---
  duration_ms: 33.7166
  type: 'test'
  ...
# Subtest: R0024 E 18-minute mosaic remains diagnostic while fresh receipt grants no local observation or ETA
ok 17 - R0024 E 18-minute mosaic remains diagnostic while fresh receipt grants no local observation or ETA
  ---
  duration_ms: 34.6663
  type: 'test'
  ...
# Subtest: R0024 G no coverage cannot acquire present wet or strong negative from a fresh composite
ok 18 - R0024 G no coverage cannot acquire present wet or strong negative from a fresh composite
  ---
  duration_ms: 75.0259
  type: 'test'
  ...
# Subtest: R0024 G unknown health cannot acquire present wet or strong negative from a fresh composite
ok 19 - R0024 G unknown health cannot acquire present wet or strong negative from a fresh composite
  ---
  duration_ms: 73.6698
  type: 'test'
  ...
# Subtest: R0024 G stale underlying observation cannot acquire present wet or strong negative from a fresh composite
ok 20 - R0024 G stale underlying observation cannot acquire present wet or strong negative from a fresh composite
  ---
  duration_ms: 74.5209
  type: 'test'
  ...
# Subtest: R0024 G unknown underlying age cannot acquire present wet or strong negative from a fresh composite
ok 21 - R0024 G unknown underlying age cannot acquire present wet or strong negative from a fresh composite
  ---
  duration_ms: 70.6506
  type: 'test'
  ...
# Subtest: R0024 G weak returns cannot acquire present wet or strong negative from a fresh composite
ok 22 - R0024 G weak returns cannot acquire present wet or strong negative from a fresh composite
  ---
  duration_ms: 69.7046
  type: 'test'
  ...
# Subtest: R0024 G interpolated returns cannot acquire present wet or strong negative from a fresh composite
ok 23 - R0024 G interpolated returns cannot acquire present wet or strong negative from a fresh composite
  ---
  duration_ms: 72.0102
  type: 'test'
  ...
# Subtest: R0024 F fixed site unknown precision has honest point admission
ok 24 - R0024 F fixed site unknown precision has honest point admission
  ---
  duration_ms: 2.1544
  type: 'test'
  ...
# Subtest: R0024 F recent precise device has honest point admission
ok 25 - R0024 F recent precise device has honest point admission
  ---
  duration_ms: 2.0023
  type: 'test'
  ...
# Subtest: R0024 F device accuracy boundary has honest point admission
ok 26 - R0024 F device accuracy boundary has honest point admission
  ---
  duration_ms: 2.3248
  type: 'test'
  ...
# Subtest: R0024 F broad device fix has honest point admission
ok 27 - R0024 F broad device fix has honest point admission
  ---
  duration_ms: 3.9147
  type: 'test'
  ...
# Subtest: R0024 F coarse IP unknown accuracy has honest point admission
ok 28 - R0024 F coarse IP unknown accuracy has honest point admission
  ---
  duration_ms: 3.9039
  type: 'test'
  ...
# Subtest: R0024 F saved device unknown original fix has honest point admission
ok 29 - R0024 F saved device unknown original fix has honest point admission
  ---
  duration_ms: 4.6677
  type: 'test'
  ...
# Subtest: R0024 F expired original device fix has honest point admission
ok 30 - R0024 F expired original device fix has honest point admission
  ---
  duration_ms: 4.1166
  type: 'test'
  ...
# Subtest: R0024 F unknown intent has honest point admission
ok 31 - R0024 F unknown intent has honest point admission
  ---
  duration_ms: 3.8118
  type: 'test'
  ...
# Subtest: R0024 original device fix lease expires independently of a fresh weather download
ok 32 - R0024 original device fix lease expires independently of a fresh weather download
  ---
  duration_ms: 32.947
  type: 'test'
  ...
# Subtest: R0024 future valid interval rejects an apparent current fixture before the actual renderer
ok 33 - R0024 future valid interval rejects an apparent current fixture before the actual renderer
  ---
  duration_ms: 32.7131
  type: 'test'
  ...
# Subtest: R0024 future measurement rejects an apparent current fixture before the actual renderer
ok 34 - R0024 future measurement rejects an apparent current fixture before the actual renderer
  ---
  duration_ms: 30.8096
  type: 'test'
  ...
# Subtest: R0024 future receipt rejects an apparent current fixture before the actual renderer
ok 35 - R0024 future receipt rejects an apparent current fixture before the actual renderer
  ---
  duration_ms: 31.512
  type: 'test'
  ...
# Subtest: R0024 future frame rejects an apparent current fixture before the actual renderer
ok 36 - R0024 future frame rejects an apparent current fixture before the actual renderer
  ---
  duration_ms: 33.7013
  type: 'test'
  ...
# Subtest: R0024 future issue rejects an apparent current fixture before the actual renderer
ok 37 - R0024 future issue rejects an apparent current fixture before the actual renderer
  ---
  duration_ms: 32.0982
  type: 'test'
  ...
# Subtest: R0024 expired valid interval rejects an apparent current fixture before the actual renderer
ok 38 - R0024 expired valid interval rejects an apparent current fixture before the actual renderer
  ---
  duration_ms: 30.8793
  type: 'test'
  ...
# Subtest: R0024 unbounded lease rejects an apparent current fixture before the actual renderer
ok 39 - R0024 unbounded lease rejects an apparent current fixture before the actual renderer
  ---
  duration_ms: 32.3088
  type: 'test'
  ...
# Subtest: R0024 null source time rejects an apparent current fixture before the actual renderer
ok 40 - R0024 null source time rejects an apparent current fixture before the actual renderer
  ---
  duration_ms: 31.4883
  type: 'test'
  ...
# Subtest: R0024 wrong source/product rejects an apparent current fixture before the actual renderer
ok 41 - R0024 wrong source/product rejects an apparent current fixture before the actual renderer
  ---
  duration_ms: 32.2514
  type: 'test'
  ...
# Subtest: R0024 unitless amount rejects an apparent current fixture before the actual renderer
ok 42 - R0024 unitless amount rejects an apparent current fixture before the actual renderer
  ---
  duration_ms: 30.7598
  type: 'test'
  ...
# Subtest: R0024 wrong target generation rejects an apparent current fixture before the actual renderer
ok 43 - R0024 wrong target generation rejects an apparent current fixture before the actual renderer
  ---
  duration_ms: 31.1088
  type: 'test'
  ...
# Subtest: R0024 model amount keeps its preceding interval and average rate, never instantaneous onset
ok 44 - R0024 model amount keeps its preceding interval and average rate, never instantaneous onset
  ---
  duration_ms: 34.4195
  type: 'test'
  ...
# Subtest: R0024 qualified measured rate and interval amount retain different physical quantities
ok 45 - R0024 qualified measured rate and interval amount retain different physical quantities
  ---
  duration_ms: 62.7384
  type: 'test'
  ...
# Subtest: R0024 future forecast amount is stepped with its own window, no interpolated onset or fabricated probability
ok 46 - R0024 future forecast amount is stepped with its own window, no interpolated onset or fabricated probability
  ---
  duration_ms: 30.2058
  type: 'test'
  ...
# Subtest: R0024 null precipitation is unknown while actual zero remains an estimated dry model value
ok 47 - R0024 null precipitation is unknown while actual zero remains an estimated dry model value
  ---
  duration_ms: 64.015
  type: 'test'
  ...
# Subtest: R0024 new target generation excludes retained current, track and radar diagnostics
ok 48 - R0024 new target generation excludes retained current, track and radar diagnostics
  ---
  duration_ms: 31.204
  type: 'test'
  ...
# Subtest: R0024 synchronous acquisition captures original evidence primitives before the body can mutate config
ok 49 - R0024 synchronous acquisition captures original evidence primitives before the body can mutate config
  ---
  duration_ms: 28.8712
  type: 'test'
  ...
# Subtest: R0024 provider trusted flags and dense/empty/sparse palette input have no production permission path
ok 50 - R0024 provider trusted flags and dense/empty/sparse palette input have no production permission path
  ---
  duration_ms: 94.5431
  type: 'test'
  ...
# Subtest: R0024 stable inputs reuse pure reconciliation until the next eligibility boundary
ok 51 - R0024 stable inputs reuse pure reconciliation until the next eligibility boundary
  ---
  duration_ms: 33.2514
  type: 'test'
  ...
# Subtest: R0024 browser source with missing original fix time cannot borrow a recent settings savedAt
ok 52 - R0024 browser source with missing original fix time cannot borrow a recent settings savedAt
  ---
  duration_ms: 5.1024
  type: 'test'
  ...
# Subtest: R0024 conflict or unknown present states cannot borrow wet model permission
ok 53 - R0024 conflict or unknown present states cannot borrow wet model permission
  ---
  duration_ms: 66.5512
  type: 'test'
  ...
# Subtest: R0024 qualified area negative and invalid approach remain independent from current phase
ok 54 - R0024 qualified area negative and invalid approach remain independent from current phase
  ---
  duration_ms: 32.8752
  type: 'test'
  ...
# Subtest: R0024 earlier surrounding expiry cannot withdraw a still-qualified current wet point
ok 55 - R0024 earlier surrounding expiry cannot withdraw a still-qualified current wet point
  ---
  duration_ms: 33.656
  type: 'test'
  ...
# Subtest: R0024 reversed time cannot resurrect a future local observation and future forecast is never current
ok 56 - R0024 reversed time cannot resurrect a future local observation and future forecast is never current
  ---
  duration_ms: 32.526
  type: 'test'
  ...
# Subtest: R0024 model data expiring after resume removes every current atmosphere input and keeps forecast separate
ok 57 - R0024 model data expiring after resume removes every current atmosphere input and keeps forecast separate
  ---
  duration_ms: 30.6016
  type: 'test'
  ...
# Subtest: R0024 unrepresentable derived average or interval stays null rather than infinity
ok 58 - R0024 unrepresentable derived average or interval stays null rather than infinity
  ---
  duration_ms: 68.8321
  type: 'test'
  ...
# Subtest: R0024 caller-provided synthetic probability zero stays distinct from unavailable and grants no current condition
ok 59 - R0024 caller-provided synthetic probability zero stays distinct from unavailable and grants no current condition
  ---
  duration_ms: 2.2007
  type: 'test'
  ...
# Subtest: R0024 dry centre with three wet palette neighbours remains estimated dry with unknown local evidence
ok 60 - R0024 dry centre with three wet palette neighbours remains estimated dry with unknown local evidence
  ---
  duration_ms: 34.4358
  type: 'test'
  ...
# Subtest: R0024 explicit SIM wet positives and dry negatives retain their own source label
ok 61 - R0024 explicit SIM wet positives and dry negatives retain their own source label
  ---
  duration_ms: 22.0168
  type: 'test'
  ...
# Subtest: R0024 actual accepted CONFIG hash parser supplies a configured site without manufactured fix precision
ok 62 - R0024 actual accepted CONFIG hash parser supplies a configured site without manufactured fix precision
  ---
  duration_ms: 33.2974
  type: 'test'
  ...
# Subtest: R0024 actual accepted CONFIG save/load preserves original browser epoch while WEATHER declines an expired device claim
ok 63 - R0024 actual accepted CONFIG save/load preserves original browser epoch while WEATHER declines an expired device claim
  ---
  duration_ms: 33.4031
  type: 'test'
  ...
1..63
# tests 63
# suites 0
# pass 63
# fail 0
# cancelled 0
# skipped 0
# todo 0
# duration_ms 2391.8949
