TAP version 13
# Subtest: embedded source survives boot-error and a retry replays every chunk
ok 1 - embedded source survives boot-error and a retry replays every chunk
  ---
  duration_ms: 11.4168
  type: 'test'
  ...
# Subtest: malformed numeric surface withdraws safely without publishing
ok 2 - malformed numeric surface withdraws safely without publishing
  ---
  duration_ms: 1.8037
  type: 'test'
  ...
# Subtest: complete result becomes current, preview remains pending
ok 3 - complete result becomes current, preview remains pending
  ---
  duration_ms: 30.8843
  type: 'test'
  ...
# Subtest: A B A generations cannot publish the original request
ok 4 - A B A generations cannot publish the original request
  ---
  duration_ms: 1.2889
  type: 'test'
  ...
# Subtest: profile change rejects predecessor even at identical phase
ok 5 - profile change rejects predecessor even at identical phase
  ---
  duration_ms: 0.9274
  type: 'test'
  ...
# Subtest: DPR change rejects predecessor
ok 6 - DPR change rejects predecessor
  ---
  duration_ms: 1.0189
  type: 'test'
  ...
# Subtest: native invalid input withdraws accepted surface
ok 7 - native invalid input withdraws accepted surface
  ---
  duration_ms: 15.2013
  type: 'test'
  ...
# Subtest: native time seek invalidates same-geometry work
ok 8 - native time seek invalidates same-geometry work
  ---
  duration_ms: 1.1049
  type: 'test'
  ...
# Subtest: hide return does not retain a predecessor
ok 9 - hide return does not retain a predecessor
  ---
  duration_ms: 2.7783
  type: 'test'
  ...
# Subtest: dead-worker cleanup is nonthrowing and bounded retries
ok 10 - dead-worker cleanup is nonthrowing and bounded retries
  ---
  duration_ms: 1.1258
  type: 'test'
  ...
# Subtest: dispose revokes publication and further retry
ok 11 - dispose revokes publication and further retry
  ---
  duration_ms: 0.8873
  type: 'test'
  ...
# Subtest: fully embedded document needs no relative resource base
ok 12 - fully embedded document needs no relative resource base
  ---
  duration_ms: 0.6197
  type: 'test'
  ...
# Subtest: wrong surface extent is rejected before publication
ok 13 - wrong surface extent is rejected before publication
  ---
  duration_ms: 0.8533
  type: 'test'
  ...
# Subtest: wrong output footprint is rejected before publication
ok 14 - wrong output footprint is rejected before publication
  ---
  duration_ms: 2.2754
  type: 'test'
  ...
# Subtest: startup deadline triggers fallback, not a main-thread solver
ok 15 - startup deadline triggers fallback, not a main-thread solver
  ---
  duration_ms: 0.7445
  type: 'test'
  ...
# Subtest: refinement deadline withdraws preview safely
ok 16 - refinement deadline withdraws preview safely
  ---
  duration_ms: 13.9747
  type: 'test'
  ...
# Subtest: normal 1x observed Firefox sequence admits the 169-second refinement within the original display error
ok 17 - normal 1x observed Firefox sequence admits the 169-second refinement within the original display error
  ---
  duration_ms: 101.1385
  type: 'test'
  ...
# Subtest: forward and backward seeks reject obsolete results even before the next poll
ok 18 - forward and backward seeks reject obsolete results even before the next poll
  ---
  duration_ms: 1.6992
  type: 'test'
  ...
# Subtest: waxing and reference changes reject old epochs
ok 19 - waxing and reference changes reject old epochs
  ---
  duration_ms: 1.6738
  type: 'test'
  ...
# Subtest: crescent half gibbous and near-full 1x sequences complete at both senses and DPR 1 through 3
ok 20 - crescent half gibbous and near-full 1x sequences complete at both senses and DPR 1 through 3
  ---
  duration_ms: 418.5951
  type: 'test'
  ...
# Subtest: WASM checksum matches the bound original kernel
ok 21 - WASM checksum matches the bound original kernel
  ---
  duration_ms: 1.1163
  type: 'test'
  ...
# Subtest: truncated material is rejected before decompression
ok 22 - truncated material is rejected before decompression
  ---
  duration_ms: 9.1921
  type: 'test'
  ...
# Subtest: corrupt terrain of correct length is rejected
ok 23 - corrupt terrain of correct length is rejected
  ---
  duration_ms: 18.7832
  type: 'test'
  ...
# Subtest: WASM corruption is rejected
ok 24 - WASM corruption is rejected
  ---
  duration_ms: 16.7596
  type: 'test'
  ...
# Subtest: same material coordinates are used for waxing and waning
ok 25 - same material coordinates are used for waxing and waning
  ---
  duration_ms: 0.8259
  type: 'test'
  ...
# Subtest: scene rejects handedness reversal
ok 26 - scene rejects handedness reversal
  ---
  duration_ms: 0.4162
  type: 'test'
  ...
# Subtest: phase vector mismatch refused
ok 27 - phase vector mismatch refused
  ---
  duration_ms: 0.1564
  type: 'test'
  ...
# Subtest: phase precision preserves endpoints and declared geometric bound
ok 28 - phase precision preserves endpoints and declared geometric bound
  ---
  duration_ms: 2.473
  type: 'test'
  ...
# Subtest: display-aware phase preserves the original .0416 device-pixel angular displacement bound
ok 29 - display-aware phase preserves the original .0416 device-pixel angular displacement bound
  ---
  duration_ms: 49.4181
  type: 'test'
  ...
# Subtest: black opaque Moon suppresses stars even during calendar fade
ok 30 - black opaque Moon suppresses stars even during calendar fade
  ---
  duration_ms: 0.5364
  type: 'test'
  ...
# Subtest: zero coverage leaves direct sky intact
ok 31 - zero coverage leaves direct sky intact
  ---
  duration_ms: 0.1591
  type: 'test'
  ...
# Subtest: cloud foreground is applied once
ok 32 - cloud foreground is applied once
  ---
  duration_ms: 0.1034
  type: 'test'
  ...
# Subtest: fractional area filtering retains constant field and coverage
ok 33 - fractional area filtering retains constant field and coverage
  ---
  duration_ms: 0.4688
  type: 'test'
  ...
# Subtest: unknown NaN lighting never becomes an alpha hole
ok 34 - unknown NaN lighting never becomes an alpha hole
  ---
  duration_ms: 0.1065
  type: 'test'
  ...
# Subtest: real assets decode, actual terrain renders and cancels
ok 35 - real assets decode, actual terrain renders and cancels
  ---
  duration_ms: 614.3888
  type: 'test'
  ...
# Subtest: V5 grey remains neutral over weak and strong Earthlight
ok 36 - V5 grey remains neutral over weak and strong Earthlight
  ---
  duration_ms: 0.2848
  type: 'test'
  ...
# Subtest: V5 display does not depend on Sun/Earth partition of identical light
ok 37 - V5 display does not depend on Sun/Earth partition of identical light
  ---
  duration_ms: 0.2678
  type: 'test'
  ...
# Subtest: V5 luminance does not fall when neutral illumination increases
ok 38 - V5 luminance does not fall when neutral illumination increases
  ---
  duration_ms: 0.3126
  type: 'test'
  ...
1..38
# tests 38
# suites 0
# pass 38
# fail 0
# cancelled 0
# skipped 0
# todo 0
# duration_ms 797.1652
