✔ J2000 UTC Julian day (1.2625ms)
✔ Greenwich mean sidereal J2000 anchor (0.1712ms)
✔ UTC instant must be explicit numeric or Date, never ambiguous civil text (0.3399ms)
✔ equatorial transit is zenith at equator (0.4793ms)
✔ rising east and setting west have correct signs (0.22ms)
✔ north pole height equals latitude (0.2801ms)
✔ all observer poles and zeniths remain finite (0.3134ms)
✔ reject invalid terrestrial latitude (0.2541ms)
✔ precession at J2000 is identity (0.7539ms)
✔ precession changes zero RA to positive RA and declination after J2000 (0.1983ms)
✔ proper motion uses mu_alpha*cos(delta) and is stable at poles (0.2209ms)
✔ unknown proper motion is flagged, not claimed zero measurement (2.9899ms)
✔ location longitude acts east-positive (0.3232ms)
✔ time changes even when scene identity does not (0.2988ms)
✔ refraction is optional and cannot be used outside model domain (0.1413ms)
✔ azimuthal projection round trips cardinal and intermediate directions (0.3491ms)
✔ legacy widget dome has precisely documented axes (0.1065ms)
✔ perspective camera looks along its specified azimuth and altitude (0.3152ms)
✔ slerp crosses RA wrap locally rather than traversing the whole sky (0.1495ms)
✔ angular separation accepts differently scaled finite direction vectors (0.38ms)
✔ 520 unique measured HIP catalogue sources, no Sun (3.3767ms)
✔ known positions and measured colour contrasts retained (0.1419ms)
✔ upstream substituted colour is explicitly unknown (0.0915ms)
✔ motion and distances absent from derivative are not manufactured (0.1175ms)
✔ duplicate identities and NaNs reject, no silent catalogue repairs (3.2862ms)
✔ RA=360 is rejected at the schema boundary (1.4975ms)
✔ schema 2 retains 8920 magnitude-selected records, one faint endpoint, fifty without HIP (12.2993ms)
✔ duplicate stable identities are rejected even without a HIP (106.5471ms)
✔ duplicate HIP remains rejected when HYG keys differ (62.1539ms)
✔ partial/malformed motion and missing B-V never default to synthetic colours (122.3734ms)
✔ real source preserves proper motions and contemporary-relevant reference photometry (0.2365ms)
✔ every constellation endpoint resolves to a measured star (3.4528ms)
✔ projection same inputs is deterministic with no seed (204.5863ms)
✔ same location and scene ID do not freeze wall-clock geometry (107.9751ms)
✔ backward time jump reprojects rather than reuses future geometry (226.8486ms)
✔ invalid accepted observer clears previous geometry, terminally unavailable (90.5293ms)
✔ equator and Greenwich are valid, not missing data (48.2778ms)
✔ cloud/appearance changes never require a catalogue rebuild (114.9102ms)
✔ generation ownership rejects late catalogue arrival (70.7446ms)
✔ failed catalogue replacement clears stale old-location sources (4.488ms)
✔ annotation segments clip at the horizon and do not invent visible endpoints (42.3164ms)
✔ physical occultation uses angular disc, independent of luminous fraction (0.3236ms)
✔ southern cross is always below Reykjavik geometric horizon across one day (625.8163ms)
✔ time policy contains historical leap steps and confirmed2026 offset (1.3349ms)
✔ USNO pre1972 UTC drift is honoured rather than a constant modern offset (0.2066ms)
✔ unknown future leap history and preUTC dates are warnings, not fictitious time measurements (0.4481ms)
✔ supplied time offsets including truezero override defaults (0.2324ms)
✔ invalid pressure/temp/vector inputs reject even when below horizon (1.3353ms)
✔ bounded dates accept1900 and2100calendar boundaries, reject outside (0.9015ms)
✔ Earth state returns physical AU and AU/day scales (0.1279ms)
✔ frame contains precomputed rotation and automatically applied annual/diurnal velocity (0.1423ms)
✔ shared frame snapshots input ownership rather than aliasing mutable observer (1.8335ms)
✔ annual aberration is tens of arcseconds, not degrees or missing (5.186ms)
✔ nearby sources receive parallax without altering their catalogue magnitude (0.3739ms)
✔ missing parallax remains explicit and exact zero proper motion is valid (0.3554ms)
✔ external barycentric state requires timestamp/frame and displaces analytic state (0.1306ms)
✔ refracted ENU agrees with displayed altitude, geometric ENU retained (0.2392ms)
✔ perspective forward/inverse roundtrips at poles and camera roll (1.753ms)
✔ projection refuses impossible dimensions and invalid directions (1.1146ms)
✔ camera orientation and field of view do not relocate stars (0.3389ms)
✔ physical newMoon is opaque regardless illumination/calendarMoon screen position (0.2562ms)
✔ typed correction switches reject strings instead of turning false text into true (0.2076ms)
✔ legacy projection also rejects invalid standalone directions (0.1431ms)
✔ one provided total velocity is never double-added to analytic annual/diurnal terms (0.1595ms)
✔ external reference state does not masquerade as ordinary static epoch data (0.1037ms)
✔ Independent CP4 horizontalArcsec <= 5 (1.2919ms)
✔ Independent CP4 equatorialArcsec <= 5 (0.1085ms)
✔ Independent CP4 motionOnlyArcsec <= 0.1 (0.0596ms)
✔ Independent CP4 wholeCatalogueEquatorialArcsec <= 5 (0.0563ms)
✔ Independent CP4 earthPositionAu <= 0.003 (0.0694ms)
✔ Independent CP4 earthVelocityAuDay <= 0.00005 (0.0539ms)
✔ Independent matrix covers every current catalogue source at three epochs (0.133ms)
✔ Independent selected-source matrix covers24epochs×8sites×72sources (0.0682ms)
✔ all seven Orion anchors aboveFlorida and in a single south-pointing camera (3.0351ms)
✔ same real Orion sources are not artificially inserted in northern legacy crop (0.8603ms)
✔ physical source catalogue stable whileFlorida andMadinah sky geometry differs (0.3104ms)
✔ Polaris tracks northern latitude to within its polar separation across24hours (4.4216ms)
✔ Canopus and mainCrux never rise inReykjavik over a sidereal-day sample (9.9893ms)
✔ Crux has a real rising/visible window inSydney, not a latitude-only switch (3.3527ms)
✔ observer longitude+180 and-180 are the same meridian (0.2443ms)
✔ clock seek forward then back recovers exact state despite constant scene identity (248.4605ms)
✔ midnight does not reset or jump the sidereal sky (0.4256ms)
✔ hidden-return caller can sample currentUTC directly without integrating a backlog (247.5872ms)
✔ accepted external current barycentric state owns position and velocity (0.6338ms)
✔ apparent horizon/refraction and geometric horizon are separately exposed (0.3362ms)
✔ catalogue is seed-independent and produces no new synthetic source identifiers (200.0735ms)
✔ CP5 optical API exists (0.6071ms)
✔ every optical preset redistributes rather than creates flux (0.3494ms)
✔ wavelength-dependent diffraction is explicit, not bright-star class (0.1332ms)
✔ invalid optics fail instead of silently creating huge or negative kernels (0.2613ms)
✔ new optical renderer preserves flux across subpixel positions and DPR (85.8197ms)
✔ close pair is sum of two sources, not distance-rescaled/deduplicated light (1.3639ms)
✔ border crops flux without renormalising a PSF fragment (0.8507ms)
✔ display saturation is bounded and monotone, linear buffer is unclipped (1.2481ms)
✔ CP5 spectral API exists (not the CP4 blackbody-only path) (1.5013ms)
✔ V is an actual named passband, separate from photopic Y (31.9918ms)
✔ magnitude anchors received V flux without distance dimming (3.1854ms)
✔ verified standard belongs to its own HIP identity (0.8066ms)
✔ quality-rejected Denebola standard stays rejected, not silently repaired (1.2993ms)
✔ template is a declared estimate, never a measurement of another star (0.67ms)
✔ peculiar/composite/wrong class cannot borrow template by colour alone (1.2419ms)
✔ unknown B-V and spectrum remain unknown, with neutral-display proxy (0.1583ms)
✔ blackbody family is numerically constrained to measured B-V (0.9307ms)
✔ out-of-range colour does not become a fabricated temperature (0.2307ms)
✔ provided spectra require provenance and contain positive energy (0.64ms)
✔ provided measured spectrum overrides defaults and is V-normalised (0.1299ms)
✔ tabulated CIE values replace analytic fitting error (0.1473ms)
✔ wavelength extinction dims and reddens without colour renormalisation (0.2011ms)
✔ cloud factor is linear once and below-horizon light is zero (0.1723ms)
✔ monochrome V detector preserves V ordering and has no fictional colour (0.1061ms)
✔ gamut mapping preserves XYZ-Y rather than arbitrary peak normalisation (0.1532ms)
✔ borrowed template is colour-constrained rather than replacing measured B-V (1.3847ms)
✔ CP6 defaults are explicit assumptions, not observed local weather (0.9276ms)
✔ pressure and elevation affect molecular optical depth exactly once (0.2147ms)
✔ molecular 550nm optical depth agrees with published polynomial (0.0823ms)
✔ invalid atmosphere and ambiguous cloud inputs rejected (0.2246ms)
✔ direct attenuation finite at horizon and zero below it (0.1915ms)
✔ blue extinction stronger; haze reduces transmitted source (0.1085ms)
✔ cloud scalar and optical-depth inputs each attenuate only once (0.1455ms)
✔ cloud map owns total cloud transmission instead of compounding scalar (0.1048ms)
✔ phase functions integrate to unity and aerosol scattering is forward (4.6473ms)
✔ physical solar state changes with location and time independent of calendar display (1.8236ms)
✔ topocentric lunar position differs by observer and supports backward seeks (0.353ms)
✔ surface magnitude and luminance conversions round trip (0.1418ms)
✔ Patat total zenith V fit reproduces published coefficients in fitted range (0.194ms)
✔ twilight residual subtracts reference night floor, not counting it twice (0.0923ms)
✔ moon model agrees with original paper Table2, no arbitrary screen hole (0.3322ms)
✔ moon below horizon or zero-scattering atmosphere contributes no lunar sky (0.0895ms)
✔ lunar aureole is finite and continuous at branch transition (0.1278ms)
✔ single scattering has no solar light in deep night or vacuum (0.3718ms)
✔ daylight single-scattering luminance positive and blue-rich away from Sun (1.3248ms)
✔ time-dependent sky really becomes brighter in twilight and daylight (11.7935ms)
✔ moon changes background by angular separation even outside camera (0.3124ms)
✔ cloud background and source are distinct, explicit cloud glow can add light (0.2955ms)
✔ zero clouds transmit no direct star and sky black without additive local light (0.3364ms)
✔ scintillation deterministic, bounded, zero-mean and exposure-averaged (36.088ms)
✔ display contrast declines against brighter background without altering source flux (0.2644ms)
✔ CP6 empirical twilight also vanishes in vacuum (6.0631ms)
✔ CP6 callers cannot bypass atmospheric validation with an internal marker (0.115ms)
✔ CP6 absorbing-only atmosphere cannot create scattered moonlight (0.1475ms)
✔ CP6 bridge uses a single height input for stellar and sky observer (6.6531ms)
✔ CP6 bridge rejects contradictory explicit elevations and clears previous raster (2.1098ms)
✔ CP6 bridge respects accepted clock changes and reports unavailable catalogue (2.7285ms)
✔ CP6 bridge preserves estimated-pressure provenance across normalisation (2.7623ms)
✔ CP6 display changes do not alter physical catalogue flux (19.4959ms)
✔ CP6 direct cloud attenuation occurs exactly once in complete composition (21.6286ms)
✔ CP6 source plus background composition is linear, not screen blending (4.8135ms)
✔ CP6 no arbitrary solar-altitude multiplier on physical source photons (36.0052ms)
✔ CP6 calendar display mask removes only stellar layer, not physical illumination (9.4687ms)
✔ CP6 rejects stale physical ephemeris rather than drawing wrong Moon glare (6.9032ms)
✔ CP6 opaque physical Moon blocks source independently of illuminated fraction (10.359ms)
✔ CP6 reduced motion suppresses scintillation without freezing ephemeris (34.2057ms)
✔ CP6 inverse maps and solid angle are consistent, horizon masked (0.3881ms)
✔ CP6 DPR changes raster density not source energy per CSS area (8.5138ms)
✔ CP6 reported display contrast respects an opaque calendar/foreground mask (3.9008ms)
✔ CP6 observer elevation supplies atmosphere and physical topocentre consistently (2.4268ms)
✔ CP6 mismatched explicit observer and atmospheric elevation is rejected (0.2659ms)
✔ CP6 all 6912 independent Sun/Moon directions meet predefined bounds (47.53ms)
✔ real retained diagnostic asset validates without becoming a survey (22.9316ms)
✔ constant field remains constant at seam and both poles (0.5728ms)
✔ cell-centre sampling returns the retained cell value (0.3553ms)
✔ periodic seam interpolates neighbouring first and last columns (0.1534ms)
✔ longitude variation vanishes at a pole (0.1707ms)
✔ pole limits are continuous for actual diagnostic (2.9951ms)
✔ missing value remains unavailable, not zero or an inpainted estimate (0.2603ms)
✔ partial support is not renormalised into full brightness (0.2217ms)
✔ unavailable cap data does not become a complete pole (0.2338ms)
✔ sampler copies data and does not depend on later caller mutations (0.259ms)
✔ production claims, unknown role and unsupported units are refused (1.3264ms)
✔ bad numeric values and contradictory masks are refused (0.2566ms)
✔ bad shapes and finite grid spacing are refused (0.5021ms)
✔ declared total cannot silently disagree with array (0.1623ms)
✔ all-sphere constant radiance has 4pi integrated flux (0.1335ms)
✔ map coordinates reject nonfinite directions and impossible declinations (0.1766ms)
✔ controlled analytic transit and rising-east orientation anchors (1.1837ms)
✔ controlled north pole is at observer latitude (0.5889ms)
✔ controlled inverse horizon east has RA=LST+90 at equator (1.0341ms)
✔ full frame round trips directions across locations, dates and sky poles (5.963ms)
✔ fixed infinite-distance catalogue direction follows exactly the shared astrometry (1.2868ms)
✔ inverse uses aberration as well as precession-nutation (0.2082ms)
✔ optional refraction is inverted rather than applied a second time (1.5025ms)
✔ map parallax is not borrowed from a nearby star (0.2658ms)
✔ perspective forward/inverse registration respects camera roll (0.6615ms)
✔ all-sky registration preserves east-left handedness (0.216ms)
✔ below horizon rays are separate, not sampled as celestial zeros (0.0929ms)
✔ constant diagnostic render is stable across fractional and integer DPR (81.8786ms)
✔ footprint supersampling preserves a constant surface field (116.8609ms)
✔ time and longitude change map directions; backward seek restores (20.1152ms)
✔ render reports data holes without silently darkening them (7.2058ms)
✔ invalid observer, oversize raster and sample counts are refused (0.258ms)
✔ diagnostic raster never claims physical composition or source admission (6.0623ms)
✔ sampling implementation has no procedural population or private clock (0.9286ms)
✔ portable SHA256 matches independent Node crypto, padding boundaries and unicode (185.019ms)
✔ binding verifies the actual catalogue bytes and freezes catalogue identity (361.4825ms)
✔ binding does not accept a forged descriptor or old HYG diagnostic (182.2507ms)
✖ diffuse-off is bit-identical to all 12 captured CP6 cases (686.4754ms)
✔ real-source light enters the linear frame once, and encoding happens only at the end (12.5429ms)
✔ radiance-to-pixel conversion uses V zero point and the solid angle exactly once (10.9466ms)
✔ gas/cloud transport is once-only in the joined diffuse buffer (17.9905ms)
✔ daylight and added local light change contrast but do not delete extraterrestrial flux (31.8046ms)
✔ display mask removes direct diffuse light, not sky scattering or physical exposure (12.2324ms)
✔ physical Moon occultation masks the map by angular footprint without cutting out atmospheric sky (35.913ms)
✔ strict source support remains missing and flags exposure as incomplete (15.0529ms)
✔ diffuse light never scintillates; backward seeks reconstruct the same physical field (24.2549ms)
✔ bridge enforces actual bound catalogue identity, not only a claimed digest (96.094ms)
✔ source contrast includes registered background and reports missing support (7.4555ms)
✔ fractional DPR keeps the same physical footprint and integrated diffuse light (143.2034ms)
✔ zenith readback includes direct diffuse radiance and distinguishes its support (6.4791ms)
✔ unknown zenith diffuse support stays null rather than becoming measured darkness (146.5327ms)
✔ active diffuse memory budget is rejected before invoking any sky callbacks (0.921ms)
✔ custom all-sky padding shares the inverse-projection horizon (0.1772ms)
✔ V transport is a declared in-band assumption and equals CP5 Vega V transport (8.3712ms)
✔ directional cloud transmission replaces rather than multiplies the scalar cloud (4.159ms)
✔ zero transmission is known darkness; strict missing support remains explicitly missing (1.2476ms)
✔ angular physical Moon blocks all direct light independent of lunar phase (1.8801ms)
✔ physical Moon compares geometric directions even when map rays are refracted (0.7416ms)
✔ the old night floor is replaced, not added to the nonstellar residual (1.4418ms)
✔ an unlabelled or overlapping night residual is rejected (1.4568ms)
✔ invalid sampling settings, fake binding and non-geometric lunar state fail (1.8973ms)
✔ grey optical depth is used once in the actual direct diffuse path (3.1859ms)
✔ asset store verifies manifest pin, exact catalogue bytes, freezes fallback and begins unavailable (497.9537ms)
✔ valid tier load has content-addressed identity; repeat request reuses bound source without stale frame cache (375.9272ms)
✔ missing and corrupt data are failed closed per requested tier; no previous binding survives as current (311.8305ms)
✔ wrong version, unsupported source, paths and descriptor grid mismatch are rejected (177.5434ms)
✔ wrong tier bytes and radiance/mask changes are caught before binding despite equal total (155.7136ms)
✔ stale asynchronous success and stale failure cannot replace newest ready tier (628.7211ms)
✔ invalid tier invalidates the preceding selection and reports an explicit error (239.6945ms)
✔ reload verifies again and drops the old cached identity; recovery returns actual verified data (362.7541ms)
✔ dispose aborts active fetch, clears source cache, and late result cannot resurrect the store (137.0877ms)
✔ diffuse-only failure preserves a fresh CP6 sky but invalid observer still clears all raster output (782.4202ms)
✔ successful recovery uses the correct bound tier and does not conceal invalid physical configuration (364.0675ms)
✔ equal-byte mask-only tampering cannot hide behind a preserved integrated radiance (138.7392ms)
✔ serialisable reference engine admits exact bytes and transfers unique linear buffers without duplicate aliases (1046.1187ms)
✔ missing/corrupt/wrong-version drills degrade only diffuse light, and a valid retry restores exact output (1239.5191ms)
✔ new accepted time/location/weather/camera always reprojects; returning to exact inputs restores the frame (978.7111ms)
✔ prepared inverse projection preserves the reference arithmetic across camera and all-sky inputs (46.3967ms)
✔ prepared projections own an immutable snapshot and refuse invalid construction/coordinates (0.3735ms)
✔ prepared inverse frame exactly matches unprepared astrometry including refraction and time changes (5.2576ms)
✔ latest-only queue executes at most one job and one replacement, never publishes a stale result (1.6244ms)
✔ submitted observer/options are snapshotted before execution (0.5306ms)
✔ worker errors cannot hang queue; later valid submission recovers (2.8727ms)
✔ disposal cancels pending and suppresses all late publishing (0.5334ms)
✔ uncloneable newest input immediately supersedes an already pending job rather than spending CPU on it (1.9058ms)
✔ streamed UTF-8 rejects invalid encoding and enforces actual bytes even without Content-Length (86.6782ms)
✔ oversized declared body is cancelled immediately, not left downloading after rejection (2.0055ms)
✔ HTTP errors and absent bodies fail explicitly (0.4857ms)
✔ worker client pairs result IDs and labels real worker execution (1.723ms)
✔ unavailable worker uses explicit fallback and captures why (2.4369ms)
✔ worker failure in flight retries same accepted job in fallback, without a hung promise (8.0716ms)
✔ render errors are surfaced, not disguised as worker failure or a fallback sky (0.6543ms)
✔ worker startup timeout recovers explicitly and disposal prohibits new submissions (30.3692ms)
✔ fatal worker promise rejection retries the same job instead of leaving a stale worker (16.4869ms)
✔ actual asset admitted without promoting old HYG diagnostic (23.4573ms)
✔ source metadata fails closed for frame, order, unit and catalogue binding (11.214ms)
✔ bad data and bad estimated masks are rejected (9.1814ms)
✔ RA seam and poles are continuous, not mirrored or longitude-dependent at poles (7.5898ms)
✔ equal field stays constant and interpolation does not create negative light (17.4529ms)
✔ masked estimates remain visible to consumers and strict mode marks them absent (6.7318ms)
✔ native HEALPix centres sample exact values with nearest sampling (4.1433ms)
✔ time seeks reversible and locations affect real map (31.884ms)
✔ invalid projection and excessive raster allocations fail before rendering (3.2027ms)
✔ roll, horizon, fractional DPR and footprint supersampling preserve geometry (100.0491ms)
✔ bridge reports terminal readiness without taking Moon ownership (70.2588ms)
✔ missing catalogue reaches explicit empty terminal state, no synthetic fallback (0.3579ms)
✔ bridge separates physical lunar occultation from calendar display mask (63.9268ms)
✔ rendering into a supplied linear background does not modify that input (671.0731ms)
✔ constellation membership handles poles, RA wrap, deterministic boundaries (5.3933ms)
✔ reference-frame-aware catalogue membership finds real bright sources (140.2715ms)
✔ 88 regions cover full sphere and every source-pattern endpoint resolves (97.5331ms)
✔ all record memberships are geometric; historical invalid tokens are retained separately (99.5829ms)
✔ system records and components cannot both contribute duplicated flux (25.675ms)
✔ names are aliases returning all records rather than masquerading as identities (19.5877ms)
✔ small-circle boundaries are sampled in their defining frame (1.8258ms)
✔ suppressed inventory record cannot leak into renderer (5.8479ms)
Independent Swiss Ephemeris residual maxima: {"precessionArcsec":0.30653857597540524,"precessionNutationArcsec":0.5011048184511365,"gastArcsec":2.2393790854948747,"horizontalArcsec":1.3812950783176348e-9}
✔ 72 independent rotation samples: precession <=0.5 arcsec over 1901–2099 (0.6715ms)
✔ 72 independent rotation samples: truncated nutation+precession <=2 arcsec (0.1272ms)
✔ independent GAST sampled agreement <=3 arcsec (long-term oracle model differs) (0.1133ms)
✔ 105 independent horizon samples <=0.0001 arcsec (0.089ms)
✔ 2026 GAST samples independently agree within 0.3 arcsec (0.1944ms)
✔ five magnitudes are a factor of one hundred in received flux (0.9927ms)
✔ one magnitude is not a linear opacity decrement (0.1171ms)
✔ null colour is not interpreted as B-V=0 (0.1117ms)
✔ colour index proxy orders red and blue stars (0.0653ms)
✔ Kasten Young airmass finite at horizon, near 1 at zenith (0.2597ms)
✔ Beer Lambert transmission vanishes with large optical depth; no floor (4.8001ms)
✔ extinction is stronger in blue than red with Rayleigh and aerosol (0.1929ms)
✔ flux lost to extinction is not renormalised back into view (1.5413ms)
✔ red star differs from blue using spectra, not a random palette (1.7492ms)
✔ zero cloud transmission means exactly zero stellar photons (0.8748ms)
✔ below horizon yields zero, with no minimum opacity (0.247ms)
✔ sRGB round trips linear values and encodes once (0.2012ms)
✔ CIE y fit is close to unity at 555 nm (0.0985ms)
✔ photometry rejects non-finite and negative optical parameters (0.128ms)
✔ scintillation is a zero-mean bounded perturbation, never an identity change (3.3179ms)
✔ integrated PSF conserves flux at subpixel positions (4.8002ms)
✔ PSF width does not secretly multiply total flux (7.4351ms)
✔ cropped border loses energy, not renormalised to a bright border artefact (0.2658ms)
✔ overlapping sources add in linear light (3.0164ms)
✔ high-DPR raster keeps the same CSS-surface radiance (3.9852ms)
✔ final output is opaque with background integrated before tone mapping (0.4501ms)
✔ renderer honours an opaque physical source mask (0.5152ms)
✔ renderer cannot resurrect stars below horizon (0.244ms)
✔ reduced-motion mode does not alter positions or remove stars (4.6147ms)
✔ unknown colour remains visibly distinct in metadata (0.5554ms)
✔ screen-space opaque mask cuts PSF wings but preserves background (2.6338ms)
ℹ tests 305
ℹ suites 0
ℹ pass 304
ℹ fail 1
ℹ cancelled 0
ℹ skipped 0
ℹ todo 0
ℹ duration_ms 4615.4256

✖ failing tests:

test at tests\cp74_compositor.test.mjs:15:1
✖ diffuse-off is bit-identical to all 12 captured CP6 cases (686.4754ms)
  AssertionError [ERR_ASSERTION]: Expected values to be strictly equal:
  + actual - expected
  
  + '8d6a35c4bf8d563a5d26c9829eca7cd3027fa8affc5abc83aa1d2fcbe0416517'
  - '8b6af133990f531c1561dfb397062d65e71eae56bb0d589a1eb993c6c0f042ee'
  
      at TestContext.<anonymous> (file:///C:/workspace/ai/cp9-integration-20261005/archive/salah-real-sky-native/real-sky-reference/tests/cp74_compositor.test.mjs:18:9)
      at Test.runInAsyncScope (node:async_hooks:228:14)
      at Test.run (node:internal/test_runner/test:1118:25)
      at Test.start (node:internal/test_runner/test:1015:17)
      at startSubtestAfterBootstrap (node:internal/test_runner/harness:358:17) {
    generatedMessage: true,
    code: 'ERR_ASSERTION',
    actual: '8d6a35c4bf8d563a5d26c9829eca7cd3027fa8affc5abc83aa1d2fcbe0416517',
    expected: '8b6af133990f531c1561dfb397062d65e71eae56bb0d589a1eb993c6c0f042ee',
    operator: 'strictEqual',
    diff: 'simple'
  }
