TAP version 13
# Subtest: default bottom horizon follows the authoritative inverse projection
ok 1 - default bottom horizon follows the authoritative inverse projection
  ---
  duration_ms: 1.7795
  type: 'test'
  ...
# Subtest: camera predicate agrees with inverse projection across rotations and boundary rays
ok 2 - camera predicate agrees with inverse projection across rotations and boundary rays
  ---
  duration_ms: 1.7768
  type: 'test'
  ...
# Subtest: bright sky retains radiance to the bottom pixel without altering projection or exposure policy
ok 3 - bright sky retains radiance to the bottom pixel without altering projection or exposure policy
  ---
  duration_ms: 72.4868
  type: 'test'
  ...
1..3
# tests 3
# suites 0
# pass 3
# fail 0
# cancelled 0
# skipped 0
# todo 0
# duration_ms 153.4154
