test_actual_primary_hash_and_count (authenticated_import_test.AuthenticatedImportTests.test_actual_primary_hash_and_count) ... ok
test_catalogue_measured_field_coverage (authenticated_import_test.AuthenticatedImportTests.test_catalogue_measured_field_coverage) ... ok
test_distance_sentinel_is_not_a_hundred_kiloparsec_star (authenticated_import_test.AuthenticatedImportTests.test_distance_sentinel_is_not_a_hundred_kiloparsec_star) ... ok
test_faint_records_excluded_unless_required (authenticated_import_test.AuthenticatedImportTests.test_faint_records_excluded_unless_required) ... ok
test_full_source_selection_includes_all_fifty_non_hip_records (authenticated_import_test.AuthenticatedImportTests.test_full_source_selection_includes_all_fifty_non_hip_records) ... ok
test_invalid_ra_and_nan_fail (authenticated_import_test.AuthenticatedImportTests.test_invalid_ra_and_nan_fail) ... ok
test_mismatched_high_precision_angles_reject (authenticated_import_test.AuthenticatedImportTests.test_mismatched_high_precision_angles_reject) ... ok
test_missing_colour_not_spectral_fabrication (authenticated_import_test.AuthenticatedImportTests.test_missing_colour_not_spectral_fabrication) ... ok
test_motion_convention_is_tangent_not_ra_coordinate_rate (authenticated_import_test.AuthenticatedImportTests.test_motion_convention_is_tangent_not_ra_coordinate_rate) ... ok
test_no_hip_still_has_stable_identity (authenticated_import_test.AuthenticatedImportTests.test_no_hip_still_has_stable_identity) ... ok
test_raw_constellation_error_not_silently_relabelled (authenticated_import_test.AuthenticatedImportTests.test_raw_constellation_error_not_silently_relabelled) ... ok
test_source_rv_zero_is_ambiguous_not_observed_zero (authenticated_import_test.AuthenticatedImportTests.test_source_rv_zero_is_ambiguous_not_observed_zero) ... ok
test_stable_sorted_unique_ids (authenticated_import_test.AuthenticatedImportTests.test_stable_sorted_unique_ids) ... ok
test_sun_never_becomes_fixed_star (authenticated_import_test.AuthenticatedImportTests.test_sun_never_becomes_fixed_star) ... ok
test_variable_magnitude_order_not_brightness_word_order (authenticated_import_test.AuthenticatedImportTests.test_variable_magnitude_order_not_brightness_word_order) ... ok
test_wrong_input_hash_rejected_before_output (authenticated_import_test.AuthenticatedImportTests.test_wrong_input_hash_rejected_before_output) ... ok
test_zero_bv_and_zero_dec_motion_are_values (authenticated_import_test.AuthenticatedImportTests.test_zero_bv_and_zero_dec_motion_are_values) ... ok
test_conditions_not_measured_weather (cp6_data_test.CP6DataTests.test_conditions_not_measured_weather) ... ok
test_fixture_matrix (cp6_data_test.CP6DataTests.test_fixture_matrix) ... ok
test_fixture_numbers (cp6_data_test.CP6DataTests.test_fixture_numbers) ... ok
test_no_new_generated_point_source_dataset (cp6_data_test.CP6DataTests.test_no_new_generated_point_source_dataset) ... ok
test_builder_exists_and_source_bundle_is_offline (cp74_viewer_test.CP74ViewerTests.test_builder_exists_and_source_bundle_is_offline) ... ok
test_scene_definitions_are_retained_and_explicit (cp74_viewer_test.CP74ViewerTests.test_scene_definitions_are_retained_and_explicit) ... ok
test_manifest_rejects_changed_payload (cp75_seal_test.SealTests.test_manifest_rejects_changed_payload) ... ok
test_manifest_rejects_missing_and_unlisted_payload (cp75_seal_test.SealTests.test_manifest_rejects_missing_and_unlisted_payload) ... ok
test_payload_excludes_caches_fonts_and_uncompressed_duplicate (cp75_seal_test.SealTests.test_payload_excludes_caches_fonts_and_uncompressed_duplicate) ... ok
test_symlinks_never_pull_external_bytes_into_archive (cp75_seal_test.SealTests.test_symlinks_never_pull_external_bytes_into_archive) ... skipped 'host cannot create symlinks'
test_current_viewer_and_worker_builder_exist (cp75_viewer_test.CP75ViewerTests.test_current_viewer_and_worker_builder_exist) ... ok
test_default_tier_keeps_fine_structure (cp75_viewer_test.CP75ViewerTests.test_default_tier_keeps_fine_structure) ... ok
test_manifest_pins_every_runtime_asset_byte (cp75_viewer_test.CP75ViewerTests.test_manifest_pins_every_runtime_asset_byte) ... ok
test_viewer_includes_explicit_fallback_fault_status_and_no_remote_scripts (cp75_viewer_test.CP75ViewerTests.test_viewer_includes_explicit_fallback_fault_status_and_no_remote_scripts) ... ok
test_alias_shared_with_runtime_is_not_faint_background (cp7_diffuse_builder_test.DiffuseBuilderTests.test_alias_shared_with_runtime_is_not_faint_background) ... ok
test_area_rebin_preserves_flux_and_constant_field (cp7_diffuse_builder_test.DiffuseBuilderTests.test_area_rebin_preserves_flux_and_constant_field) ... ok
test_asset_cannot_call_itself_a_survey (cp7_diffuse_builder_test.DiffuseBuilderTests.test_asset_cannot_call_itself_a_survey) ... ok
test_components_linked_transitively_to_runtime_are_excluded (cp7_diffuse_builder_test.DiffuseBuilderTests.test_components_linked_transitively_to_runtime_are_excluded) ... ok
test_deposition_conserves_flux_at_wrap_and_poles (cp7_diffuse_builder_test.DiffuseBuilderTests.test_deposition_conserves_flux_at_wrap_and_poles) ... ok
test_duplicate_hyg_identity_refused (cp7_diffuse_builder_test.DiffuseBuilderTests.test_duplicate_hyg_identity_refused) ... ok
test_missing_component_primary_is_withheld (cp7_diffuse_builder_test.DiffuseBuilderTests.test_missing_component_primary_is_withheld) ... ok
test_photometric_drift_is_refused (cp7_diffuse_builder_test.DiffuseBuilderTests.test_photometric_drift_is_refused) ... ok
test_ra_periodicity (cp7_diffuse_builder_test.DiffuseBuilderTests.test_ra_periodicity) ... ok
test_rebin_rejects_nondividing_factor (cp7_diffuse_builder_test.DiffuseBuilderTests.test_rebin_rejects_nondividing_factor) ... ok
test_rejects_negative_flux_and_invalid_filter (cp7_diffuse_builder_test.DiffuseBuilderTests.test_rejects_negative_flux_and_invalid_filter) ... ok
test_runtime_emitter_and_withheld_both_excluded (cp7_diffuse_builder_test.DiffuseBuilderTests.test_runtime_emitter_and_withheld_both_excluded) ... ok
test_smoothing_azimuth_rotation_commutes (cp7_diffuse_builder_test.DiffuseBuilderTests.test_smoothing_azimuth_rotation_commutes) ... ok
test_smoothing_conserves_flux (cp7_diffuse_builder_test.DiffuseBuilderTests.test_smoothing_conserves_flux) ... ok
test_smoothing_preserves_constant_surface_brightness (cp7_diffuse_builder_test.DiffuseBuilderTests.test_smoothing_preserves_constant_surface_brightness) ... ok
test_source_only_ambiguous_groups_not_invented_deblending (cp7_diffuse_builder_test.DiffuseBuilderTests.test_source_only_ambiguous_groups_not_invented_deblending) ... ok
test_spherical_cell_areas_cover_sphere (cp7_diffuse_builder_test.DiffuseBuilderTests.test_spherical_cell_areas_cover_sphere) ... ok
test_sun_not_stellar_field (cp7_diffuse_builder_test.DiffuseBuilderTests.test_sun_not_stellar_field) ... ok
test_all_runtime_rows_absent_not_just_bright_emitters (cp7_diffuse_builder_test.RetainedAssetTests.test_all_runtime_rows_absent_not_just_bright_emitters) ... ok
test_all_tiers_have_same_source_flux_and_closed_production_gate (cp7_diffuse_builder_test.RetainedAssetTests.test_all_tiers_have_same_source_flux_and_closed_production_gate) ... ok
test_asset_hashes_and_finite_nonnegative_values (cp7_diffuse_builder_test.RetainedAssetTests.test_asset_hashes_and_finite_nonnegative_values) ... ok
test_full_source_partition_counts (cp7_diffuse_builder_test.RetainedAssetTests.test_full_source_partition_counts) ... ok
test_partition_trace_has_unique_ids_and_no_point_rows_as_residual (cp7_diffuse_builder_test.RetainedAssetTests.test_partition_trace_has_unique_ids_and_no_point_rows_as_residual) ... ok
test_all_centres_roundtrip (cp7_real_source_test.Geometry.test_all_centres_roundtrip) ... ok
test_bad_parameters (cp7_real_source_test.Geometry.test_bad_parameters) ... ok
test_base_faces (cp7_real_source_test.Geometry.test_base_faces) ... ok
test_nested_parent (cp7_real_source_test.Geometry.test_nested_parent) ... ok
test_unit_vectors_and_area (cp7_real_source_test.Geometry.test_unit_vectors_and_area) ... ok
test_wrap (cp7_real_source_test.Geometry.test_wrap) ... ok
test_actual_source_decodes_and_retains_units (cp7_real_source_test.Source.test_actual_source_decodes_and_retains_units) ... ok
test_reject_conflicting_units (cp7_real_source_test.Source.test_reject_conflicting_units) ... ok
test_reject_duplicate_calibration (cp7_real_source_test.Source.test_reject_duplicate_calibration) ... ok
test_reject_wrong_calibration_factor (cp7_real_source_test.Source.test_reject_wrong_calibration_factor) ... ok
test_zero_point_consistency (cp7_real_source_test.Source.test_zero_point_consistency) ... ok
test_donors_cannot_include_excluded_source (cp7_registered_builder_test.Builder.test_donors_cannot_include_excluded_source) ... ok
test_emitter_export_uses_permission_not_record_count (cp7_registered_builder_test.Builder.test_emitter_export_uses_permission_not_record_count) ... ok
test_equal_area_tier_conservation (cp7_registered_builder_test.Builder.test_equal_area_tier_conservation) ... ok
test_guard_covers_contaminant_pixels (cp7_registered_builder_test.Builder.test_guard_covers_contaminant_pixels) ... ok
test_reject_nonfinite_and_bad_shapes (cp7_registered_builder_test.Builder.test_reject_nonfinite_and_bad_shapes) ... ok
test_source_exclusion_is_not_blurring (cp7_registered_builder_test.Builder.test_source_exclusion_is_not_blurring) ... ok
test_ambiguous_units_rejected (cp7_source_acquisition_test.SourceAcquisitionTests.test_ambiguous_units_rejected) ... ok
test_duplicate_or_out_of_order_index (cp7_source_acquisition_test.SourceAcquisitionTests.test_duplicate_or_out_of_order_index) ... ok
test_extra_column_rejected (cp7_source_acquisition_test.SourceAcquisitionTests.test_extra_column_rejected) ... ok
test_extra_row_not_ignored (cp7_source_acquisition_test.SourceAcquisitionTests.test_extra_row_not_ignored) ... ok
test_invalid_radiance (cp7_source_acquisition_test.SourceAcquisitionTests.test_invalid_radiance) ... ok
test_matching_hash_local_guard (cp7_source_acquisition_test.SourceAcquisitionTests.test_matching_hash_local_guard) ... ok
test_missing_header_not_guessed (cp7_source_acquisition_test.SourceAcquisitionTests.test_missing_header_not_guessed) ... ok
test_missing_input_is_not_admitted (cp7_source_acquisition_test.SourceAcquisitionTests.test_missing_input_is_not_admitted) ... ok
test_missing_row (cp7_source_acquisition_test.SourceAcquisitionTests.test_missing_row) ... ok
test_missing_zeroes_not_reinterpreted (cp7_source_acquisition_test.SourceAcquisitionTests.test_missing_zeroes_not_reinterpreted) ... ok
test_ordered_numeric_fixture (cp7_source_acquisition_test.SourceAcquisitionTests.test_ordered_numeric_fixture) ... ok
test_pinned_source_identity (cp7_source_acquisition_test.SourceAcquisitionTests.test_pinned_source_identity) ... ok
test_wrong_band_order (cp7_source_acquisition_test.SourceAcquisitionTests.test_wrong_band_order) ... ok
test_wrong_bytes_rejected_before_decode (cp7_source_acquisition_test.SourceAcquisitionTests.test_wrong_bytes_rejected_before_decode) ... ok
test_wrong_coordinate_system (cp7_source_acquisition_test.SourceAcquisitionTests.test_wrong_coordinate_system) ... ok
test_wrong_hash_rejected (cp7_source_acquisition_test.SourceAcquisitionTests.test_wrong_hash_rejected) ... ok
test_boolean_alone_cannot_admit_source (cp7_source_test.SourceGateTests.test_boolean_alone_cannot_admit_source) ... ok
test_claimed_survey_needs_science_and_permission_metadata (cp7_source_test.SourceGateTests.test_claimed_survey_needs_science_and_permission_metadata) ... ok
test_corrupt_source_rejected_before_use (cp7_source_test.SourceGateTests.test_corrupt_source_rejected_before_use) ... ok
test_count_preview_is_valid_png_and_deterministic (cp7_source_test.SourceGateTests.test_count_preview_is_valid_png_and_deterministic) ... ok
test_full_retained_hyg_is_authenticated (cp7_source_test.SourceGateTests.test_full_retained_hyg_is_authenticated) ... ok
test_gate_is_not_promoted_by_catalogue_presence (cp7_source_test.SourceGateTests.test_gate_is_not_promoted_by_catalogue_presence) ... ok
test_known_sun_is_not_a_diffuse_source (cp7_source_test.SourceGateTests.test_known_sun_is_not_a_diffuse_source) ... ok
test_runtime_all_identities_exist_in_source (cp7_source_test.SourceGateTests.test_runtime_all_identities_exist_in_source) ... ok
test_source_dispositions_do_not_claim_array_acquisition (cp7_source_test.SourceGateTests.test_source_dispositions_do_not_claim_array_acquisition) ... ok
test_blank_motion_not_measured_zero (importer_test.ImportTests.test_blank_motion_not_measured_zero) ... ok
test_duplicates_raise (importer_test.ImportTests.test_duplicates_raise) ... ok
test_faint_required_endpoint_retained (importer_test.ImportTests.test_faint_required_endpoint_retained) ... ok
test_missing_colour_preserved (importer_test.ImportTests.test_missing_colour_preserved) ... ok
test_nan_coordinates_raise_not_silently_ignored (importer_test.ImportTests.test_nan_coordinates_raise_not_silently_ignored) ... ok
test_reject_out_of_range_ra (importer_test.ImportTests.test_reject_out_of_range_ra) ... ok
test_sol_excluded_even_if_named_oddly (importer_test.ImportTests.test_sol_excluded_even_if_named_oddly) ... ok
test_uncertain_zero_rv_preserved_as_unknown (importer_test.ImportTests.test_uncertain_zero_rv_preserved_as_unknown) ... ok
test_units_hours_to_degrees_and_motion (importer_test.ImportTests.test_units_hours_to_degrees_and_motion) ... ok
test_zero_bv_is_measurement_not_falsy_default (importer_test.ImportTests.test_zero_bv_is_measurement_not_falsy_default) ... ok
test_all_source_blobs_authenticate (ontology_builder_test.OntologyBuilderTests.test_all_source_blobs_authenticate) ... ok
test_bad_pair_count_rejected (ontology_builder_test.OntologyBuilderTests.test_bad_pair_count_rejected) ... ok
test_boundary_adjacent_regions_are_distinct (ontology_builder_test.OntologyBuilderTests.test_boundary_adjacent_regions_are_distinct) ... ok
test_faint_anchor_is_exception_not_brightened (ontology_builder_test.OntologyBuilderTests.test_faint_anchor_is_exception_not_brightened) ... ok
test_incomplete_pattern_population_rejected (ontology_builder_test.OntologyBuilderTests.test_incomplete_pattern_population_rejected) ... ok
test_table_incomplete_rejected (ontology_builder_test.OntologyBuilderTests.test_table_incomplete_rejected) ... ok
test_tampered_source_rejected (ontology_builder_test.OntologyBuilderTests.test_tampered_source_rejected) ... ok
test_normalised_spectral_shapes (spectral_assets_test.SpectralAssets.test_normalised_spectral_shapes) ... ok
test_quality_rejection_is_preserved (spectral_assets_test.SpectralAssets.test_quality_rejection_is_preserved) ... ok
test_retained_inputs_are_authenticated (spectral_assets_test.SpectralAssets.test_retained_inputs_are_authenticated) ... ok
test_runtime_retains_actual_spectral_metadata (spectral_assets_test.SpectralAssets.test_runtime_retains_actual_spectral_metadata) ... ok

----------------------------------------------------------------------
Ran 117 tests in 4.455s

OK (skipped=1)
