{
  "writtenIssues": [
    {
      "issueNumber": 2,
      "canonicalId": "R0002",
      "bodySha256": "951cbb90dc8b5bf76d3e60f4ecfdf0cf70b44d1bd2a405af6033157e5c3b0ff5",
      "verdict": "LEAVE OPEN",
      "satisfiedRows": 12,
      "unmetRows": 1,
      "unverifiedRows": 2,
      "gaps": [
        "Browser invalid-ingress/corrupt-cache loading→error/recovery and optional-date evidence is missing for this contract.",
        "README does not document required unavailable/recovery behavior."
      ],
      "assessment": "02-assessment.json",
      "comment": "02-comment.md",
      "validlySupersededRows": 0
    },
    {
      "issueNumber": 3,
      "canonicalId": "R0003",
      "bodySha256": "0bf3a125260da16792455cc95970b97c097a29dbe5b23aaa54b26178ffc067dc",
      "verdict": "LEAVE OPEN",
      "satisfiedRows": 13,
      "unmetRows": 0,
      "unverifiedRows": 2,
      "gaps": [
        "Required actual-browser controlled settings-race readbacks were not located."
      ],
      "assessment": "03-assessment.json",
      "comment": "03-comment.md",
      "validlySupersededRows": 1
    },
    {
      "issueNumber": 4,
      "canonicalId": "R0004",
      "bodySha256": "7338ad624dfd078c3e6f0684259201c93a4d987ab4e70fe2c3db20e465f06196",
      "verdict": "LEAVE OPEN",
      "satisfiedRows": 12,
      "unmetRows": 1,
      "unverifiedRows": 2,
      "gaps": [
        "No issue-specific browser first-current-paint receipt for omitted Tokyo tz and selected wrong/current cache.",
        "README/ARCHITECTURE required location-day/offline explanation absent or contradictory."
      ],
      "assessment": "04-assessment.json",
      "comment": "04-comment.md",
      "validlySupersededRows": 0
    },
    {
      "issueNumber": 5,
      "canonicalId": "R0005",
      "bodySha256": "46f15738302f33d4881dc1ed71550340a6c1d09bfb0f23cd02626c4bb0b81393",
      "verdict": "CLOSE — SATISFIED",
      "satisfiedRows": 16,
      "unmetRows": 0,
      "unverifiedRows": 0,
      "gaps": [],
      "assessment": "05-assessment.json",
      "comment": "05-comment.md",
      "validlySupersededRows": 0
    },
    {
      "issueNumber": 6,
      "canonicalId": "R0006",
      "bodySha256": "5c79e956277dbc358a0d57071f629518044fe4119f7f0a3c2cbb0797c5febb1e",
      "verdict": "LEAVE OPEN",
      "satisfiedRows": 13,
      "unmetRows": 1,
      "unverifiedRows": 2,
      "gaps": [
        "No issue-specific actual-browser cold prayer failure→same-day healthy recovery crop/trace located.",
        "README mandatory10s/3-attempt/60s and valid-cache/visibility limits not documented."
      ],
      "assessment": "06-assessment.json",
      "comment": "06-comment.md",
      "validlySupersededRows": 0
    },
    {
      "issueNumber": 7,
      "canonicalId": "R0007",
      "bodySha256": "0a127bf70ed50250ad2ec77c28e278c44c4ea37ae564e89acad817522c88a407",
      "verdict": "LEAVE OPEN",
      "satisfiedRows": 12,
      "unmetRows": 1,
      "unverifiedRows": 3,
      "gaps": [
        "Required browser spring150m/fall270m/overnight unavailable→recovered countdown crops and unchanged real arc/layout control not found.",
        "README precision/unavailability description absent."
      ],
      "assessment": "07-assessment.json",
      "comment": "07-comment.md",
      "validlySupersededRows": 0
    }
  ],
  "sourceOwnerRanges": 18,
  "sourceTree": "35208181eea714c17f5e77b2644e76434345db60",
  "commands": [
    {
      "exit": 0,
      "tests": 385,
      "pass": 381,
      "fail": 0,
      "cancelled": 0,
      "skipped": 0,
      "todo": 4,
      "durationMs": 10357.4983
    },
    {
      "exit": 0,
      "checks": 8,
      "status": "PASS_SCOPED",
      "receipts": [
        {
          "name": "R0004 omitted-hint same-day12Z Tokyo control needs no corrected-day request",
          "status": "PASS",
          "observed": {
            "currentDate": "07-09-2026",
            "zone": "Asia/Tokyo",
            "currentDayRequests": 1,
            "requestDates": [
              "07-09-2026",
              "08-09-2026"
            ]
          },
          "environment": "Windows/Node v22.16.0; actual source-bound VM recording DOM; no browser or pixel claim"
        },
        {
          "name": "early-filter mutant identity",
          "sourceSha256": "d606623ba37c519f584e685132e9818823c81cfa129aa8b200cbd6e156761c7d",
          "mutantExpected": "omitted-hint offline cached8 unavailable; explicit-zone cached8 remains available",
          "mutantObserved": "matched"
        },
        {
          "name": "R0004 early hint-day cache-filter mutant loses valid offline Tokyo day8; explicit-zone control survives",
          "status": "PASS",
          "observed": {
            "omittedHintMutantCurrent": null,
            "explicitHintMutantTag": "cached8",
            "oldBytesRetained": true
          },
          "environment": "Windows/Node v22.16.0; actual source-bound VM recording DOM; no browser or pixel claim"
        },
        {
          "name": "post-response check mutant identity",
          "sourceSha256": "e99b2855c4a1ebace54060885d4e3e838b90984efb27d8b976ac81e8ec13ba21",
          "mutantExpected": "cannot establish first qualified current paint; independent classifier prevents false current paint",
          "mutantObserved": "matched; no regression was hidden as a PASS for boot availability"
        },
        {
          "name": "R0004 removed loader day-correction check is contained by independent day-classifier; explicit control survives",
          "status": "PASS",
          "observed": {
            "omittedHintMutant": {
              "today": null,
              "paints": 0,
              "requests": 1
            },
            "explicitHintMutantTag": "explicit"
          },
          "environment": "Windows/Node v22.16.0; actual source-bound VM recording DOM; no browser or pixel claim"
        },
        {
          "name": "R0005 exact AH19→20 completed offline promotion preserves selected day20 across midnight",
          "status": "PASS",
          "observed": {
            "date": "08-09-2026",
            "hijriText": "1448-02-20",
            "renderedAH": "ه1448-02-20",
            "stale": false,
            "cacheDate": "08-09-2026"
          },
          "environment": "Windows/Node v22.16.0; actual source-bound VM recording DOM; no browser or pixel claim"
        },
        {
          "name": "R0005 late duplicate cannot poison tomorrow; next Sep9 data advances following Maghrib toAH21",
          "status": "PASS",
          "observed": {
            "todayDate": "08-09-2026",
            "tomorrowDate": "09-09-2026",
            "hijriText": "1448-02-21",
            "renderedAH": "ه1448-02-21",
            "selectedSource": "tomorrow"
          },
          "environment": "Windows/Node v22.16.0; actual source-bound VM recording DOM; no browser or pixel claim"
        },
        {
          "name": "R0005 exact2024 civil promotion 28-02-2024→29-02-2024",
          "status": "PASS",
          "observed": {
            "from": "28-02-2024",
            "to": "29-02-2024",
            "stale": false
          },
          "environment": "Windows/Node v22.16.0; actual source-bound VM recording DOM; no browser or pixel claim"
        },
        {
          "name": "R0005 exact2024 civil promotion 29-02-2024→01-03-2024",
          "status": "PASS",
          "observed": {
            "from": "29-02-2024",
            "to": "01-03-2024",
            "stale": false
          },
          "environment": "Windows/Node v22.16.0; actual source-bound VM recording DOM; no browser or pixel claim"
        },
        {
          "name": "actual-arc equality identity",
          "svgSha256": "eceaccdbe1d9fcb9a72fdab3a601a2a0d0c48db6c968bb1a489b29500a60d2d1",
          "mutantSourceSha256": "c6775ac4a55b2df0edbe376ee08a8855b73111ba9ae2cb1e1a67e7d119b18c70",
          "pixelLimitation": "Source SVG equality is not a rendered crop; the required browser spring150m layout remains unverified."
        },
        {
          "name": "R0007 actual drawArc SVG unaffected by wall-minute countdown mutant at spring01:30;150m current interval is discriminated",
          "status": "PASS",
          "observed": {
            "nowEpoch": 1772951400000,
            "expectedNextEpoch": 1772960400000,
            "leftMin": 150,
            "wallMutantLeftMin": 210,
            "arcEqual": true,
            "arcSha256": "eceaccdbe1d9fcb9a72fdab3a601a2a0d0c48db6c968bb1a489b29500a60d2d1"
          },
          "environment": "Windows/Node v22.16.0; actual source-bound VM recording DOM; no browser or pixel claim"
        }
      ]
    },
    {
      "exit": 0,
      "schema": "request-mutation-equivalence/1",
      "status": "PASS FOR SCOPED ORIGINAL OWNERSHIP ORACLES; LEGACY MUTANTS CONTAINED",
      "targetCommit": "18ff14860ff41c084b1db5f396bb62aa9c22b1be",
      "sourceSha256": "ff728552442f4bcce7f213a089bf01d4cf70ea8d74040bdd3323768ca453beee",
      "fixtureSha256": "e096af17b42157423bc268782386ad141e60f5319180c3e232ce7cb89ed7eb2b",
      "environment": {
        "node": "v22.16.0",
        "platform": "win32",
        "arch": "x64"
      },
      "preciseInvariant": "Production key components lat/lon/_cacheTz/method/school/units are assigned before acquisition at initialization, before acquisition after guarded coarseDetect, or by applyConfig only after beginRuntimeGeneration invalidates prior slots. Eligible old-generation continuations cannot reach persistence. Same-generation accepted prayer timezone discovery mutates tz but not frozen _cacheTz; it cannot change either key. Therefore current global key and captured key agree at reachable accepted commits, while old-generation commits are rejected before key selection.",
      "replacementDiscriminators": "Actual applyConfig deferred A→B, B succeeds then old A, exact winning timezone/Asr/cache/error and slot identity; existing independently executed method/school/ABA/finally/abort tests; weather actual request/body/attempt consumers with production generation/reset order. The invariant is bounded to current product callers, not arbitrary script writes to private globals.",
      "sourceRanges": [
        {
          "path": "src/native/index.html",
          "start": 673,
          "end": 698
        },
        {
          "path": "src/native/index.html",
          "start": 999,
          "end": 1058
        },
        {
          "path": "src/native/index.html",
          "start": 1060,
          "end": 1095
        },
        {
          "path": "src/native/index.html",
          "start": 1128,
          "end": 1154
        },
        {
          "path": "src/native/index.html",
          "start": 1355,
          "end": 1385
        },
        {
          "path": "src/native/index.html",
          "start": 3251,
          "end": 3288
        },
        {
          "path": "src/native/index.html",
          "start": 3310,
          "end": 3327
        },
        {
          "path": "src/native/index.html",
          "start": 3355,
          "end": 3367
        }
      ],
      "receipts": [
        {
          "variant": "original",
          "sourceSha256": "ff728552442f4bcce7f213a089bf01d4cf70ea8d74040bdd3323768ca453beee",
          "expected": "B succeeds through actual apply/load/adoption/render; late A changes no zone/state/cache/error/slot",
          "observed": {
            "winner": "B-current",
            "zone": "America/New_York",
            "asr": "15:30",
            "acceptedKeyWrites": [
              {
                "key": "salah:40.71|-74.01|UTC|2|0",
                "captured": "salah:40.71|-74.01|UTC|2|0",
                "current": "salah:40.71|-74.01|UTC|2|0",
                "generation": 2
              }
            ],
            "lateChanges": false
          },
          "disposition": "positive original behavioral oracle passed"
        },
        {
          "variant": "legacy-prayer-global-key",
          "sourceSha256": "519911069561427b0b59f83954f7290582f7f0e2f01c1e77f5743dd1732a11e5",
          "expected": "B succeeds through actual apply/load/adoption/render; late A changes no zone/state/cache/error/slot",
          "observed": {
            "winner": "B-current",
            "zone": "America/New_York",
            "asr": "15:30",
            "acceptedKeyWrites": [
              {
                "key": "salah:40.71|-74.01|UTC|2|0",
                "captured": "salah:40.71|-74.01|UTC|2|0",
                "current": "salah:40.71|-74.01|UTC|2|0",
                "generation": 2
              }
            ],
            "lateChanges": false
          },
          "disposition": "Single legacy mutation inert under independent unchanged transport/adoption ownership fences; not a killed-mutation claim"
        },
        {
          "variant": "remove-first-loader-zone-guard",
          "sourceSha256": "82b5d4ea2fb1300c5009fcc40c4275766248b5b2090435fb3e859d0126921706",
          "expected": "B succeeds through actual apply/load/adoption/render; late A changes no zone/state/cache/error/slot",
          "observed": {
            "winner": "B-current",
            "zone": "America/New_York",
            "asr": "15:30",
            "acceptedKeyWrites": [
              {
                "key": "salah:40.71|-74.01|UTC|2|0",
                "captured": "salah:40.71|-74.01|UTC|2|0",
                "current": "salah:40.71|-74.01|UTC|2|0",
                "generation": 2
              }
            ],
            "lateChanges": false
          },
          "disposition": "Single legacy mutation inert under independent unchanged transport/adoption ownership fences; not a killed-mutation claim"
        },
        {
          "variant": "legacy-weather-global-key",
          "sourceSha256": "95c3063194e4a0335cab57429df5e532566c70fcb92773cfcdd7a68ee0bd2a4c",
          "expected": "Legitimate generation replacement permits London/Fahrenheit; stale Madinah/Celsius cannot commit or persist",
          "observed": {
            "temperature": 68,
            "units": "f",
            "acceptedKeyWrites": [
              {
                "key": "salahwx:51.48|-0.001|f",
                "captured": "salahwx:51.48|-0.001|f",
                "current": "salahwx:51.48|-0.001|f",
                "generation": 1
              }
            ],
            "lateChanges": false
          },
          "disposition": "Single legacy mutation inert under unchanged request/attempt ownership before persistence; recording weather boundary uses the exact production generation/reset sequence, not an unfenced direct global edit. Actual settings browser proof remains absent."
        }
      ],
      "limitations": [
        "No actual browser, pixels or live provider claim",
        "No false negative-control kill claim; these original single-guard mutants are contained by later architecture",
        "Arbitrary direct global edits without the accepted configuration fence would violate the product interface and are not manufactured as a defect"
      ]
    }
  ],
  "noProductionMutation": true
}
