slow-assets PASS 2.89 s
missing PASS 2.03 s
empty PASS 2.05 s
catalogue-corrupt PASS 2.41 s
manifest-corrupt PASS 2.33 s
diffuse-missing PASS 2.69 s
diffuse-corrupt PASS 2.83 s
obsolete-asset-completion PASS 2.59 s
asset-timeout PASS 17.06 s
constructor-failure PASS 2.31 s
startup-hang PASS 17.51 s
post-failure PASS 2.33 s
render-hang PASS 17.59 s
actual-worker-crash PASS 5.12 s
worker-message-error PASS 4.7 s
native-target-lifecycle PASS 20.2 s
wall-clock-and-reduced-motion PASS 7.59 s
native-prayer-calendar-clock PASS 9.06 s
native-settings-with-asset-failure PASS 2.16 s
LIFECYCLE PASS 19 cases 386 assertions
