florida-01-00 3.610000000000582 rows 6 sky ready errors []
florida-01-12 3.4689999999973224 rows 6 sky ready errors []
florida-04-00 3.0160000000032596 rows 6 sky ready errors []
florida-04-12 3.25 rows 6 sky ready errors []
florida-07-00 3.187999999994645 rows 6 sky ready errors []
florida-07-12 3.297000000005937 rows 6 sky ready errors []
florida-10-00 3.0940000000118744 rows 6 sky ready errors []
florida-10-12 3.485000000000582 rows 6 sky ready errors []
madinah-01-00 3.437000000005355 rows 6 sky ready errors []
madinah-01-12 3.389999999999418 rows 6 sky ready errors []
madinah-04-00 3.202999999994063 rows 6 sky ready errors []
madinah-04-12 3.313000000009197 rows 6 sky ready errors []
madinah-07-00 3.0469999999913853 rows 6 sky ready errors []
madinah-07-12 3.264999999999418 rows 6 sky ready errors []
madinah-10-00 2.9060000000026776 rows 6 sky ready errors []
madinah-10-12 3.2340000000112923 rows 6 sky ready errors []
iceland-01-00 3.297000000005937 rows 6 sky ready errors []
iceland-01-12 3.5780000000086147 rows 6 sky ready errors []
iceland-04-00 3.3910000000032596 rows 6 sky ready errors []
iceland-04-12 3.2189999999973224 rows 6 sky ready errors []
iceland-07-00 3.437000000005355 rows 6 sky ready errors []
iceland-07-12 3.3589999999967404 rows 6 sky ready errors []
iceland-10-00 3.0939999999973224 rows 6 sky ready errors []
iceland-10-12 3.2179999999934807 rows 6 sky ready errors []
sydney-01-00 3.2810000000026776 rows 6 sky ready errors []
sydney-01-12 3.5159999999887077 rows 6 sky ready errors []
sydney-04-00 3.2189999999973224 rows 6 sky ready errors []
sydney-04-12 3.2660000000032596 rows 6 sky ready errors []
sydney-07-00 3.2659999999887077 rows 6 sky ready errors []
sydney-07-12 3.514999999999418 rows 6 sky ready errors []
sydney-10-00 3.1710000000020955 rows 6 sky ready errors []
sydney-10-12 3.25 rows 6 sky ready errors []
joined-dpr-1 3.0939999999973224 rows 6 sky ready errors []
joined-dpr-1.37 3.139999999999418 rows 6 sky ready errors []
joined-dpr-2 3.2189999999973224 rows 6 sky ready errors []
joined-dpr-3 3.2660000000032596 rows 6 sky ready errors []
north-pole 3.577999999994063 rows 6 sky ready errors []
south-pole 3.6410000000032596 rows 6 sky ready errors []
horizon 2.2339999999967404 rows 6 sky ready errors []
horizon-rolled 2.235000000000582 rows 6 sky ready errors []
az-wrap 3.2819999999919673 rows 6 sky ready errors []
narrow-field 2.75 rows 6 sky ready errors []
strict-horizon 2.5939999999973224 rows 6 sky ready errors []
CP9 SEASONAL PASS 43
