{
  "sourceSha256": "8e53f5f68e764497f33914eab3195e0927714e0b48deba9c74c332c7dd8ee643",
  "configSha256": "91a37863cd85e232e9a63bba9db533b82699e63140086ba4b78fcf9c0581ec81",
  "environment": "Complete actual inline runtime/config/model; fixed preparse Date; recording DOM; admitted records; async boot/art suspended; no clock/loader/browser qualification",
  "results": [
    {
      "name": "before Maghrib real render positive",
      "status": "PASS",
      "detail": {
        "ce": "2026-09-07CE",
        "ah": "ه1448-02-19 | 🌘 20",
        "current": "Asr"
      }
    },
    {
      "name": "at Maghrib selected tomorrow positive",
      "status": "PASS",
      "detail": {
        "ce": "2026-09-07CE",
        "ah": "ه1448-02-20"
      }
    },
    {
      "name": "missing tomorrow is visibly disclosed independently of prayer stale",
      "status": "PASS",
      "detail": {
        "ah": "Sunset date update unavailable ه1448-02-19",
        "title": "Sunset date update unavailable; the displayed date could not advance. Aladhan; HJCoSA. Zone UTC; requested Gregorian day 07-09-2026; loaded day 07-09-2026.",
        "prayerStale": false,
        "dateTruth": {
          "gregorianText": "2026-09-07",
          "hijriText": "1448-02-19",
          "previewDay": null,
          "previewText": "",
          "explanation": "Sunset date update unavailable; the displayed date could not advance. Aladhan; HJCoSA. Zone UTC; requested Gregorian day 07-09-2026; loaded day 07-09-2026.",
          "requestedGregorianDay": "07-09-2026",
          "loadedGregorianDay": "07-09-2026",
          "selectedGregorianDay": "07-09-2026",
          "timezone": "UTC",
          "beforeOrAfterMaghrib": "after",
          "maghribRollAvailable": false,
          "maghribRollApplied": false,
          "selectedSource": "today",
          "calendarSource": "Aladhan",
          "hijriMethod": "HJCoSA",
          "unavailableReason": "Sunset date update unavailable",
          "selectionReason": "sunset-update-unavailable",
          "staleDateState": "calendar-unavailable",
          "hijriAnomaly": null
        }
      }
    },
    {
      "name": "wrong-day tomorrow cannot advance actual footer",
      "status": "PASS"
    },
    {
      "name": "wrong-zone tomorrow cannot preview",
      "status": "PASS"
    },
    {
      "name": "absent both AH values is explicitly unavailable",
      "status": "PASS"
    },
    {
      "name": "late tomorrow arrival clears only calendar reason and is idempotent",
      "status": "PASS"
    },
    {
      "name": "same-day backwards provider correction remains provider-derived positive",
      "status": "PASS"
    },
    {
      "name": "midnight accepted-day promotion adds no synthetic Hijri increment positive",
      "status": "PASS"
    },
    {
      "name": "selected tomorrow convention is disclosed rather than today convention",
      "status": "PASS"
    },
    {
      "name": "missing selected method explicitly reports unavailable convention",
      "status": "PASS"
    },
    {
      "name": "actual dateTruth snapshot agrees with painted boundary and advance",
      "status": "PASS"
    },
    {
      "name": "reverse boundary correction does not hold tomorrow value positive",
      "status": "PASS"
    },
    {
      "name": "accepted duplicate and skipped days have no automatic correction positive",
      "status": "PASS"
    },
    {
      "name": "valid month and year transitions retain provider values positive",
      "status": "PASS"
    },
    {
      "name": "model instant and calendar context remain one snapshot across midnight",
      "status": "PASS"
    },
    {
      "name": "wrong current context never relabels old AH as current",
      "status": "PASS"
    },
    {
      "name": "invalid optional AH cannot advance or preview",
      "status": "PASS"
    },
    {
      "name": "missing name is usable numerically and explicitly unavailable for named formats",
      "status": "PASS"
    },
    {
      "name": "untrusted selected method reaches only literal explanation owners",
      "status": "PASS"
    },
    {
      "name": "last-painted diagnostics do not recompute from unpainted state",
      "status": "PASS"
    },
    {
      "name": "long sleep followed by accepted current record remains provider-derived",
      "status": "PASS"
    }
  ]
}
