{
  "sourceSha256": "8e53f5f68e764497f33914eab3195e0927714e0b48deba9c74c332c7dd8ee643",
  "baselineSha256": "446453b522f56f5f1bc0afd1a3abd09b73756754fa58a6b3b0ff09ce953a2eec",
  "limit": "Authored intended-color composition with white sky/accent bounds, no antialias/shadow/filter conformance claim. Native crops and text-free pixel pairs are required.",
  "results": [
    {
      "name": "composition calculator positive and negative controls",
      "status": "PASS"
    },
    {
      "name": "default glass restores all original timetable state styling",
      "status": "PASS"
    },
    {
      "name": "normal retains its original glass state emphasis",
      "status": "PASS",
      "detail": {
        "state": "normal",
        "appearance": "glass",
        "opacity": 1,
        "foreground": [
          240,
          237,
          248
        ],
        "backdrop": [
          255,
          255,
          255
        ],
        "baseAlpha": 0,
        "tintAlpha": 0.14901960784313725,
        "composedBackground": [
          255,
          255,
          255
        ],
        "composedText": [
          240,
          237,
          248
        ],
        "ratio": 1.1554847908734267
      }
    },
    {
      "name": "past retains its original glass state emphasis",
      "status": "PASS",
      "detail": {
        "state": "past",
        "appearance": "glass",
        "opacity": 0.42,
        "foreground": [
          240,
          237,
          248
        ],
        "backdrop": [
          255,
          255,
          255
        ],
        "baseAlpha": 0,
        "tintAlpha": 0.14901960784313725,
        "composedBackground": [
          255,
          255,
          255
        ],
        "composedText": [
          248.7,
          247.44,
          252.06
        ],
        "ratio": 1.0615958555864902
      }
    },
    {
      "name": "on retains its original glass state emphasis",
      "status": "PASS",
      "detail": {
        "state": "on",
        "appearance": "glass",
        "opacity": 1,
        "foreground": [
          240,
          237,
          248
        ],
        "backdrop": [
          255,
          255,
          255
        ],
        "baseAlpha": 0,
        "tintAlpha": 0.3,
        "composedBackground": [
          255,
          255,
          255
        ],
        "composedText": [
          240,
          237,
          248
        ],
        "ratio": 1.1554847908734267
      }
    },
    {
      "name": "now retains its original glass state emphasis",
      "status": "PASS",
      "detail": {
        "state": "now",
        "appearance": "glass",
        "opacity": 1,
        "foreground": [
          240,
          237,
          248
        ],
        "backdrop": [
          255,
          255,
          255
        ],
        "baseAlpha": 0,
        "tintAlpha": 0.14901960784313725,
        "composedBackground": [
          255,
          255,
          255
        ],
        "composedText": [
          240,
          237,
          248
        ],
        "ratio": 1.1554847908734267
      }
    },
    {
      "name": "normal opt-in contrast retains intended-color contrast on white stress backdrop",
      "status": "PASS",
      "detail": {
        "state": "normal",
        "appearance": "contrast",
        "opacity": 1,
        "foreground": [
          240,
          237,
          248
        ],
        "backdrop": [
          255,
          255,
          255
        ],
        "baseAlpha": 0.9,
        "tintAlpha": 0.14901960784313725,
        "composedBackground": [
          66.59294117647059,
          72.72,
          81.14470588235292
        ],
        "composedText": [
          240,
          237,
          248
        ],
        "ratio": 7.899360215603546
      }
    },
    {
      "name": "past opt-in contrast retains intended-color contrast on white stress backdrop",
      "status": "PASS",
      "detail": {
        "state": "past",
        "appearance": "contrast",
        "opacity": 1,
        "foreground": [
          240,
          237,
          248
        ],
        "backdrop": [
          255,
          255,
          255
        ],
        "baseAlpha": 0.9,
        "tintAlpha": 0.14901960784313725,
        "composedBackground": [
          66.59294117647059,
          72.72,
          81.14470588235292
        ],
        "composedText": [
          240,
          237,
          248
        ],
        "ratio": 7.899360215603546
      }
    },
    {
      "name": "on opt-in contrast retains intended-color contrast on white stress backdrop",
      "status": "PASS",
      "detail": {
        "state": "on",
        "appearance": "contrast",
        "opacity": 1,
        "foreground": [
          240,
          237,
          248
        ],
        "backdrop": [
          255,
          255,
          255
        ],
        "baseAlpha": 0.9,
        "tintAlpha": 0.3,
        "composedBackground": [
          100.02,
          105.06,
          111.98999999999998
        ],
        "composedText": [
          240,
          237,
          248
        ],
        "ratio": 4.783821343980623
      }
    },
    {
      "name": "glass default has no superseded white-stress 4.5 claim",
      "status": "PASS",
      "detail": {
        "state": "normal",
        "appearance": "glass",
        "opacity": 1,
        "foreground": [
          240,
          237,
          248
        ],
        "backdrop": [
          255,
          255,
          255
        ],
        "baseAlpha": 0,
        "tintAlpha": 0.14901960784313725,
        "composedBackground": [
          255,
          255,
          255
        ],
        "composedText": [
          240,
          237,
          248
        ],
        "ratio": 1.1554847908734267,
        "claim": "Glass aesthetic selected by owner; prior white-stress gate applies only to contrast"
      }
    },
    {
      "name": "geometry and typography declarations preserved",
      "status": "PASS"
    },
    {
      "name": "missing contrast opacity override exposes inactive-row attenuation",
      "status": "PASS",
      "detail": {
        "state": "past",
        "appearance": "contrast",
        "opacity": 0.42,
        "foreground": [
          240,
          237,
          248
        ],
        "backdrop": [
          255,
          255,
          255
        ],
        "baseAlpha": 0.9,
        "tintAlpha": 0.14901960784313725,
        "composedBackground": [
          175.86903529411765,
          178.4424,
          181.98077647058824
        ],
        "composedText": [
          248.7,
          247.44,
          252.06
        ],
        "ratio": 1.9937618567034305
      }
    },
    {
      "name": "contrast next-only backing mutant loses contrast independently",
      "status": "PASS",
      "detail": {
        "state": "on",
        "appearance": "contrast",
        "opacity": 1,
        "foreground": [
          240,
          237,
          248
        ],
        "backdrop": [
          255,
          255,
          255
        ],
        "baseAlpha": 0,
        "tintAlpha": 0.3,
        "composedBackground": [
          255,
          255,
          255
        ],
        "composedText": [
          240,
          237,
          248
        ],
        "ratio": 1.1554847908734267
      }
    }
  ]
}
