TAP version 13
# Subtest: CP9 F01 unowned old scalar is not an accepted elevation
ok 1 - CP9 F01 unowned old scalar is not an accepted elevation
  ---
  duration_ms: 1.1716
  type: 'test'
  ...
# Subtest: CP9 F01 A to B with missing and simulated weather never inherits A height
ok 2 - CP9 F01 A to B with missing and simulated weather never inherits A height
  ---
  duration_ms: 0.5519
  type: 'test'
  ...
# Subtest: CP9 F01 A to B to A requires new-generation elevation even at same coordinates
ok 3 - CP9 F01 A to B to A requires new-generation elevation even at same coordinates
  ---
  duration_ms: 0.456
  type: 'test'
  ...
# Subtest: CP9 F01 late A callback cannot replace legitimate B elevation
ok 4 - CP9 F01 late A callback cannot replace legitimate B elevation
  ---
  duration_ms: 0.3968
  type: 'test'
  ...
# Subtest: CP9 F01 legitimate accepted zero is distinguished from unknown zero
ok 5 - CP9 F01 legitimate accepted zero is distinguished from unknown zero
  ---
  duration_ms: 0.6831
  type: 'test'
  ...
# Subtest: CP9 F01 invalid height and mismatched longitude refused
ok 6 - CP9 F01 invalid height and mismatched longitude refused
  ---
  duration_ms: 2.602
  type: 'test'
  ...
# Subtest: CP9 F01 ineligible weather withdraws bound height; eligible same-target restoration retains provenance
ok 7 - CP9 F01 ineligible weather withdraws bound height; eligible same-target restoration retains provenance
  ---
  duration_ms: 0.4572
  type: 'test'
  ...
# Subtest: CP9 F01 subsequent B adoption reaches geometry and atmosphere once
ok 8 - CP9 F01 subsequent B adoption reaches geometry and atmosphere once
  ---
  duration_ms: 0.4127
  type: 'test'
  ...
# Subtest: CP9 Moon mask reads each native matrix coefficient once, not per raster sample
ok 9 - CP9 Moon mask reads each native matrix coefficient once, not per raster sample
  ---
  duration_ms: 4.3663
  type: 'test'
  ...
# Subtest: CP9 hoisted mask is bit-identical to the CP8.3 equation across affine transforms and display scales
ok 10 - CP9 hoisted mask is bit-identical to the CP8.3 equation across affine transforms and display scales
  ---
  duration_ms: 167.1556
  type: 'test'
  ...
# Subtest: CP9 mask hoisting does not cache across moved Moon transforms or swallow singular input
ok 11 - CP9 mask hoisting does not cache across moved Moon transforms or swallow singular input
  ---
  duration_ms: 0.4776
  type: 'test'
  ...
# Subtest: native QA gains a real-sky summary without replacing any original owner fields
ok 12 - native QA gains a real-sky summary without replacing any original owner fields
  ---
  duration_ms: 0.9236
  type: 'test'
  ...
# Subtest: optional sky diagnostics cannot make native QA throw
ok 13 - optional sky diagnostics cannot make native QA throw
  ---
  duration_ms: 0.4921
  type: 'test'
  ...
# Subtest: CP9 currentness adopts donor 30 second ceiling, inclusive boundary, no 60 second stale admission
ok 14 - CP9 currentness adopts donor 30 second ceiling, inclusive boundary, no 60 second stale admission
  ---
  duration_ms: 0.6097
  type: 'test'
  ...
# Subtest: CP9 native worker refuses a second cloud transmission owner
ok 15 - CP9 native worker refuses a second cloud transmission owner
  ---
  duration_ms: 114.0335
  type: 'test'
  ...
# Subtest: CP9 native worker refuses an added physical cloud glow; accepted local light keeps its existing owner
ok 16 - CP9 native worker refuses an added physical cloud glow; accepted local light keeps its existing owner
  ---
  duration_ms: 96.0187
  type: 'test'
  ...
# Subtest: page suspension aborts acquisition and fences its late result
ok 17 - page suspension aborts acquisition and fences its late result
  ---
  duration_ms: 0.9563
  type: 'test'
  ...
# Subtest: return resumes once with a new asset generation, not old work
ok 18 - return resumes once with a new asset generation, not old work
  ---
  duration_ms: 0.2262
  type: 'test'
  ...
# Subtest: permanent dispose cannot be reversed by a page return
ok 19 - permanent dispose cannot be reversed by a page return
  ---
  duration_ms: 0.1246
  type: 'test'
  ...
# Subtest: host lifecycle wires paired pagehide/pageshow and removes both on explicit dispose
ok 20 - host lifecycle wires paired pagehide/pageshow and removes both on explicit dispose
  ---
  duration_ms: 0.3381
  type: 'test'
  ...
# Subtest: CP9 exact same worker frame, geometry and native pixel bytes permit a redundant presentation skip
ok 21 - CP9 exact same worker frame, geometry and native pixel bytes permit a redundant presentation skip
  ---
  duration_ms: 0.8091
  type: 'test'
  ...
# Subtest: CP9 new physical frame is never skipped even when the native foreground matches
ok 22 - CP9 new physical frame is never skipped even when the native foreground matches
  ---
  duration_ms: 0.0771
  type: 'test'
  ...
# Subtest: CP9 changed native cloud opacity or colour is never skipped
ok 23 - CP9 changed native cloud opacity or colour is never skipped
  ---
  duration_ms: 0.1164
  type: 'test'
  ...
# Subtest: CP9 changed PBR pixel or phase opacity is never skipped
ok 24 - CP9 changed PBR pixel or phase opacity is never skipped
  ---
  duration_ms: 0.0698
  type: 'test'
  ...
# Subtest: CP9 moved calendar cutout and changed support rows invalidate the exact presentation cache
ok 25 - CP9 moved calendar cutout and changed support rows invalidate the exact presentation cache
  ---
  duration_ms: 0.055
  type: 'test'
  ...
# Subtest: CP9 absent prior presentation and changed capture length are never reused
ok 26 - CP9 absent prior presentation and changed capture length are never reused
  ---
  duration_ms: 0.064
  type: 'test'
  ...
# Subtest: native disabled scintillation uses the real strength contract, not an ignored enabled flag
ok 27 - native disabled scintillation uses the real strength contract, not an ignored enabled flag
  ---
  duration_ms: 0.7053
  type: 'test'
  ...
# Subtest: CP9 F03 worker loss withdraws optional physical sky instead of executing synchronous physics
ok 28 - CP9 F03 worker loss withdraws optional physical sky instead of executing synchronous physics
  ---
  duration_ms: 0.7451
  type: 'test'
  ...
# Subtest: CP9 F03 native host uses mandatory worker policy; no NativeSkyEngine main-thread fallback
ok 29 - CP9 F03 native host uses mandatory worker policy; no NativeSkyEngine main-thread fallback
  ---
  duration_ms: 0.3951
  type: 'test'
  ...
# Subtest: CP9 lifecycle fixture passes Moon protocol through without treating it as a sky job
ok 30 - CP9 lifecycle fixture passes Moon protocol through without treating it as a sky job
  ---
  duration_ms: 1.6156
  type: 'test'
  ...
# Subtest: CP9 worker hold and failure controls remain active on their own worker
ok 31 - CP9 worker hold and failure controls remain active on their own worker
  ---
  duration_ms: 0.7039
  type: 'test'
  ...
# Subtest: slow optional asset stays loading until it is admitted
ok 32 - slow optional asset stays loading until it is admitted
  ---
  duration_ms: 1.0669
  type: 'test'
  ...
# Subtest: missing data is explicit unavailable and permits successful retry
ok 33 - missing data is explicit unavailable and permits successful retry
  ---
  duration_ms: 0.49
  type: 'test'
  ...
# Subtest: corrupt decoder/start cannot become ready
ok 34 - corrupt decoder/start cannot become ready
  ---
  duration_ms: 0.2142
  type: 'test'
  ...
# Subtest: late A completion cannot replace B after retry
ok 35 - late A completion cannot replace B after retry
  ---
  duration_ms: 0.1303
  type: 'test'
  ...
# Subtest: late obsolete rejection cannot erase successful recovery
ok 36 - late obsolete rejection cannot erase successful recovery
  ---
  duration_ms: 0.1513
  type: 'test'
  ...
# Subtest: hung load has a bounded timeout and abort
ok 37 - hung load has a bounded timeout and abort
  ---
  duration_ms: 18.2636
  type: 'test'
  ...
# Subtest: disposal prevents resurrection by any obsolete completion
ok 38 - disposal prevents resurrection by any obsolete completion
  ---
  duration_ms: 0.2349
  type: 'test'
  ...
# Subtest: retry supplies a distinct generation to the request factory so pending script requests cannot coalesce
ok 39 - retry supplies a distinct generation to the request factory so pending script requests cannot coalesce
  ---
  duration_ms: 0.1514
  type: 'test'
  ...
# Subtest: native linear composition module exists
ok 40 - native linear composition module exists
  ---
  duration_ms: 0.4974
  type: 'test'
  ...
# Subtest: actual native alpha attenuates direct light once, not twice
ok 41 - actual native alpha attenuates direct light once, not twice
  ---
  duration_ms: 0.3073
  type: 'test'
  ...
# Subtest: zero-alpha native cloud leaves physical sky byte-identical
ok 42 - zero-alpha native cloud leaves physical sky byte-identical
  ---
  duration_ms: 0.4157
  type: 'test'
  ...
# Subtest: fully opaque native colour appears once at the shared exposure
ok 43 - fully opaque native colour appears once at the shared exposure
  ---
  duration_ms: 0.2041
  type: 'test'
  ...
# Subtest: native PBR material is in front of stars but behind the cloud screen
ok 44 - native PBR material is in front of stars but behind the cloud screen
  ---
  duration_ms: 0.2483
  type: 'test'
  ...
# Subtest: cloud colour is not multiplied by a second source-alpha factor
ok 45 - cloud colour is not multiplied by a second source-alpha factor
  ---
  duration_ms: 0.1105
  type: 'test'
  ...
# Subtest: native cloud vertical mask reproduces the existing support, not a whole-card veil
ok 46 - native cloud vertical mask reproduces the existing support, not a whole-card veil
  ---
  duration_ms: 0.1219
  type: 'test'
  ...
# Subtest: invalid foreground buffers or exposures are rejected
ok 47 - invalid foreground buffers or exposures are rejected
  ---
  duration_ms: 0.1592
  type: 'test'
  ...
# Subtest: PBR transparent edge does not punch a dark halo in the physical sky
ok 48 - PBR transparent edge does not punch a dark halo in the physical sky
  ---
  duration_ms: 0.2283
  type: 'test'
  ...
# Subtest: region calendar join is exactly the corresponding full-frame prefix
ok 49 - region calendar join is exactly the corresponding full-frame prefix
  ---
  duration_ms: 0.3794
  type: 'test'
  ...
# Subtest: foreground region includes current and previous Moon extents, with whole-frame bound
ok 50 - foreground region includes current and previous Moon extents, with whole-frame bound
  ---
  duration_ms: 0.1471
  type: 'test'
  ...
# Subtest: regional foreground retains identical encoded pixel values
ok 51 - regional foreground retains identical encoded pixel values
  ---
  duration_ms: 0.2388
  type: 'test'
  ...
# Subtest: native contract is implemented
ok 52 - native contract is implemented
  ---
  duration_ms: 0.5025
  type: 'test'
  ...
# Subtest: accepted UTC and generation are retained exactly
ok 53 - accepted UTC and generation are retained exactly
  ---
  duration_ms: 0.2486
  type: 'test'
  ...
# Subtest: invalid/missing observer or scene is not coerced to a valid sky
ok 54 - invalid/missing observer or scene is not coerced to a valid sky
  ---
  duration_ms: 0.6053
  type: 'test'
  ...
# Subtest: weather and camera change invalidate a target even at the same coordinates
ok 55 - weather and camera change invalidate a target even at the same coordinates
  ---
  duration_ms: 0.1551
  type: 'test'
  ...
# Subtest: new target rejects a late prior-generation result
ok 56 - new target rejects a late prior-generation result
  ---
  duration_ms: 0.2005
  type: 'test'
  ...
# Subtest: diffuse mode replaces natural night budget and preserves source estimates
ok 57 - diffuse mode replaces natural night budget and preserves source estimates
  ---
  duration_ms: 0.0951
  type: 'test'
  ...
# Subtest: actual widget no longer constructs the fictitious stellar population
ok 58 - actual widget no longer constructs the fictitious stellar population
  ---
  duration_ms: 1.2265
  type: 'test'
  ...
# Subtest: native visibility assumption actually reaches the CP7 aerosol owner
ok 59 - native visibility assumption actually reaches the CP7 aerosol owner
  ---
  duration_ms: 0.2227
  type: 'test'
  ...
# Subtest: calendar transform includes native CSS scaling and card placement
ok 60 - calendar transform includes native CSS scaling and card placement
  ---
  duration_ms: 0.2917
  type: 'test'
  ...
# Subtest: calendar cutout changes direct light only, not sky or exposure
ok 61 - calendar cutout changes direct light only, not sky or exposure
  ---
  duration_ms: 0.6191
  type: 'test'
  ...
# Subtest: estimate-support selection is a distinct render identity
ok 62 - estimate-support selection is a distinct render identity
  ---
  duration_ms: 0.1114
  type: 'test'
  ...
# Subtest: native encoder exactly matches all 255 quantization boundaries and adjacent doubles
ok 63 - native encoder exactly matches all 255 quantization boundaries and adjacent doubles
  ---
  duration_ms: 4.0512
  type: 'test'
  ...
# Subtest: native encoder matches the oracle across exposures, negative channels, saturation and random doubles
ok 64 - native encoder matches the oracle across exposures, negative channels, saturation and random doubles
  ---
  duration_ms: 38.3559
  type: 'test'
  ...
# Subtest: native encoder keeps boundary equality after rounded exposure multiplication
ok 65 - native encoder keeps boundary equality after rounded exposure multiplication
  ---
  duration_ms: 3.5054
  type: 'test'
  ...
# Subtest: native encoder retains invalid-buffer/channel/exposure rejection
ok 66 - native encoder retains invalid-buffer/channel/exposure rejection
  ---
  duration_ms: 0.3363
  type: 'test'
  ...
# Subtest: native engine renders only the admitted actual catalogue
ok 67 - native engine renders only the admitted actual catalogue
  ---
  duration_ms: 469.0622
  type: 'test'
  ...
# Subtest: same-length corrupt catalogue is rejected before native rendering
ok 68 - same-length corrupt catalogue is rejected before native rendering
  ---
  duration_ms: 76.828
  type: 'test'
  ...
# Subtest: wrong manifest is rejected rather than repaired or replaced
ok 69 - wrong manifest is rejected rather than repaired or replaced
  ---
  duration_ms: 0.208
  type: 'test'
  ...
# Subtest: native geometry changes with accepted time and observer
ok 70 - native geometry changes with accepted time and observer
  ---
  duration_ms: 758.9763
  type: 'test'
  ...
# Subtest: native physical mode admits the retained real diffuse source with gas-only worker transport
ok 71 - native physical mode admits the retained real diffuse source with gas-only worker transport
  ---
  duration_ms: 1245.6772
  type: 'test'
  ...
# Subtest: missing native map yields fresh explicitly labelled CP6 sky at current native UTC
ok 72 - missing native map yields fresh explicitly labelled CP6 sky at current native UTC
  ---
  duration_ms: 256.5744
  type: 'test'
  ...
# Subtest: same-byte-count corrupt map is not displayed or silently replaced
ok 73 - same-byte-count corrupt map is not displayed or silently replaced
  ---
  duration_ms: 296.4577
  type: 'test'
  ...
# Subtest: rejecting map estimates keeps incomplete exposure explicit in native mode
ok 74 - rejecting map estimates keeps incomplete exposure explicit in native mode
  ---
  duration_ms: 1299.2334
  type: 'test'
  ...
# Subtest: an unchanged scene cannot admit a frame two minutes out of date
ok 75 - an unchanged scene cannot admit a frame two minutes out of date
  ---
  duration_ms: 0.7478
  type: 'test'
  ...
# Subtest: ordinary short worker latency remains eligible
ok 76 - ordinary short worker latency remains eligible
  ---
  duration_ms: 0.1577
  type: 'test'
  ...
# Subtest: frozen preview result at the exact accepted time is eligible
ok 77 - frozen preview result at the exact accepted time is eligible
  ---
  duration_ms: 0.0804
  type: 'test'
  ...
# Subtest: initial request renders once and retains captured input
ok 78 - initial request renders once and retains captured input
  ---
  duration_ms: 0.7687
  type: 'test'
  ...
# Subtest: A→B obsolete successful completion cannot paint A
ok 79 - A→B obsolete successful completion cannot paint A
  ---
  duration_ms: 0.2426
  type: 'test'
  ...
# Subtest: A→B→A coalesces to newest A generation without painting first A
ok 80 - A→B→A coalesces to newest A generation without painting first A
  ---
  duration_ms: 0.6698
  type: 'test'
  ...
# Subtest: obsolete rejection cannot report error over newer target
ok 81 - obsolete rejection cannot report error over newer target
  ---
  duration_ms: 0.5754
  type: 'test'
  ...
# Subtest: explicit invalidation fences a pending completion even when identity is reused
ok 82 - explicit invalidation fences a pending completion even when identity is reused
  ---
  duration_ms: 0.272
  type: 'test'
  ...
# Subtest: wall-clock forward discontinuity fences late completion with same scene identity
ok 83 - wall-clock forward discontinuity fences late completion with same scene identity
  ---
  duration_ms: 0.3393
  type: 'test'
  ...
# Subtest: wall-clock backward discontinuity is caught even without a timer poll
ok 84 - wall-clock backward discontinuity is caught even without a timer poll
  ---
  duration_ms: 0.354
  type: 'test'
  ...
# Subtest: short explicit seek changing native anchor also fences
ok 85 - short explicit seek changing native anchor also fences
  ---
  duration_ms: 0.2266
  type: 'test'
  ...
# Subtest: normal wall time and monotonic time advancement does not repeatedly supersede slow job
ok 86 - normal wall time and monotonic time advancement does not repeatedly supersede slow job
  ---
  duration_ms: 0.1858
  type: 'test'
  ...
# Subtest: invalid input clears and cannot retain old diagnostic authority
ok 87 - invalid input clears and cannot retain old diagnostic authority
  ---
  duration_ms: 0.2599
  type: 'test'
  ...
# Subtest: hidden state refuses forced work and obsolete completions
ok 88 - hidden state refuses forced work and obsolete completions
  ---
  duration_ms: 0.148
  type: 'test'
  ...
# Subtest: reduced motion invalidates but does not freeze accepted astronomical time
ok 89 - reduced motion invalidates but does not freeze accepted astronomical time
  ---
  duration_ms: 0.1286
  type: 'test'
  ...
# Subtest: timezone-only update invalidates even with unchanged coordinates
ok 90 - timezone-only update invalidates even with unchanged coordinates
  ---
  duration_ms: 0.1157
  type: 'test'
  ...
# Subtest: expired accepted frame clears before a refresh
ok 91 - expired accepted frame clears before a refresh
  ---
  duration_ms: 0.377
  type: 'test'
  ...
# Subtest: dispose fences all callbacks and never restarts
ok 92 - dispose fences all callbacks and never restarts
  ---
  duration_ms: 0.0982
  type: 'test'
  ...
# Subtest: timetable CSS and geometry equal the user-supplied 2057503 snapshot
ok 93 - timetable CSS and geometry equal the user-supplied 2057503 snapshot
  ---
  duration_ms: 1.4158
  type: 'test'
  ...
# Subtest: native opt-in contrast normal retains the existing white-backdrop 4.5 bound
ok 94 - native opt-in contrast normal retains the existing white-backdrop 4.5 bound
  ---
  duration_ms: 0.4805
  type: 'test'
  ...
# Subtest: native opt-in contrast past retains the existing white-backdrop 4.5 bound
ok 95 - native opt-in contrast past retains the existing white-backdrop 4.5 bound
  ---
  duration_ms: 0.1986
  type: 'test'
  ...
# Subtest: native opt-in contrast on retains the existing white-backdrop 4.5 bound
ok 96 - native opt-in contrast on retains the existing white-backdrop 4.5 bound
  ---
  duration_ms: 0.2389
  type: 'test'
  ...
# Subtest: glass comparison preserves the pinned aesthetic without inventing an accessibility claim
ok 97 - glass comparison preserves the pinned aesthetic without inventing an accessibility claim
  ---
  duration_ms: 0.5549
  type: 'test'
  ...
# Subtest: native contrast past attenuation mutation is detected
ok 98 - native contrast past attenuation mutation is detected
  ---
  duration_ms: 0.5526
  type: 'test'
  ...
# Subtest: native contrast on attenuation mutation is detected
ok 99 - native contrast on attenuation mutation is detected
  ---
  duration_ms: 0.4573
  type: 'test'
  ...
# Subtest: native config and builder preserved byte for byte
ok 100 - native config and builder preserved byte for byte
  ---
  duration_ms: 0.9836
  type: 'test'
  ...
# Subtest: native PBR maps, phase, Earthshine, material and calendar renderer unchanged
ok 101 - native PBR maps, phase, Earthshine, material and calendar renderer unchanged
  ---
  duration_ms: 0.5915
  type: 'test'
  ...
# Subtest: native weather admission/cloud painting and atmosphere derivation unchanged
ok 102 - native weather admission/cloud painting and atmosphere derivation unchanged
  ---
  duration_ms: 0.2092
  type: 'test'
  ...
# Subtest: native prayer fetching, accepted clock and settings source unchanged
ok 103 - native prayer fetching, accepted clock and settings source unchanged
  ---
  duration_ms: 0.1653
  type: 'test'
  ...
# Subtest: 10x cadence refreshes before the accepted frame exhausts its thirty-second age budget
ok 104 - 10x cadence refreshes before the accepted frame exhausts its thirty-second age budget
  ---
  duration_ms: 1.3086
  type: 'test'
  ...
# Subtest: a completed frame outside the rate envelope reports finite unavailability and never publishes
ok 105 - a completed frame outside the rate envelope reports finite unavailability and never publishes
  ---
  duration_ms: 0.252
  type: 'test'
  ...
# Subtest: expiration of the displayed frame does not invalidate a newer current refresh
ok 106 - expiration of the displayed frame does not invalidate a newer current refresh
  ---
  duration_ms: 0.2769
  type: 'test'
  ...
# Subtest: repeated force notifications coalesce identical in-flight UTC instead of starving completion
ok 107 - repeated force notifications coalesce identical in-flight UTC instead of starving completion
  ---
  duration_ms: 0.3758
  type: 'test'
  ...
# Subtest: an unsupported moving rate recovers at frozen time with fresh identity and no stale error
ok 108 - an unsupported moving rate recovers at frozen time with fresh identity and no stale error
  ---
  duration_ms: 0.7447
  type: 'test'
  ...
# Subtest: A to B to A during a rate change admits only the new generation
ok 109 - A to B to A during a rate change admits only the new generation
  ---
  duration_ms: 0.3629
  type: 'test'
  ...
# Subtest: a backward seek without generation change clears rate diagnostics and fences completion
ok 110 - a backward seek without generation change clears rate diagnostics and fences completion
  ---
  duration_ms: 0.3385
  type: 'test'
  ...
# Subtest: source reload during acceleration disposes the old queue before successor acceptance
ok 111 - source reload during acceleration disposes the old queue before successor acceptance
  ---
  duration_ms: 0.2425
  type: 'test'
  ...
1..111
# tests 111
# suites 0
# pass 111
# fail 0
# cancelled 0
# skipped 0
# todo 0
# duration_ms 5769.0159
