 Subtest: zero coverage leaves direct sky intact
ok 26 - zero coverage leaves direct sky intact
  ---
  duration_ms: 0.2682
  type: 'test'
  ...
# Subtest: cloud foreground is applied once
ok 27 - cloud foreground is applied once
  ---
  duration_ms: 0.166
  type: 'test'
  ...
# Subtest: fractional area filtering retains constant field and coverage
ok 28 - fractional area filtering retains constant field and coverage
  ---
  duration_ms: 0.4532
  type: 'test'
  ...
# Subtest: unknown NaN lighting never becomes an alpha hole
ok 29 - unknown NaN lighting never becomes an alpha hole
  ---
  duration_ms: 0.082
  type: 'test'
  ...
# Subtest: real assets decode, actual terrain renders and cancels
ok 30 - real assets decode, actual terrain renders and cancels
  ---
  duration_ms: 585.8689
  type: 'test'
  ...
# Subtest: V5 grey remains neutral over weak and strong Earthlight
ok 31 - V5 grey remains neutral over weak and strong Earthlight
  ---
  duration_ms: 0.2603
  type: 'test'
  ...
# Subtest: V5 display does not depend on Sun/Earth partition of identical light
ok 32 - V5 display does not depend on Sun/Earth partition of identical light
  ---
  duration_ms: 0.2624
  type: 'test'
  ...
# Subtest: V5 luminance does not fall when neutral illumination increases
ok 33 - V5 luminance does not fall when neutral illumination increases
  ---
  duration_ms: 0.4425
  type: 'test'
  ...
1..33
# tests 33
# suites 0
# pass 33
# fail 0
# cancelled 0
# skipped 0
# todo 0
# duration_ms 696.9938

