{
  "status": "PASS",
  "oracle": "Swiss Ephemeris 2.10.03",
  "fixtureSha256": "0110f401bff6f3e9792d7f93a86fe9f6cbd16e1570f20f72885352a353a0813a",
  "scope": "Matched suppliedUT1/TT; vacuum; NOGDEFL; all current catalogue records plus multi-location selected-source matrix. NOT independently measured catalogue accuracy or actual-weather visibility.",
  "horizontalArcsec": {
    "count": 13824,
    "max": 1.9070475003932925,
    "p95": 1.6789112760597884,
    "median": 0.06401058549281466
  },
  "equatorialArcsec": {
    "count": 13824,
    "max": 0.4247638722603208,
    "p95": 0.2899586518159856,
    "median": 0.07994976415033789
  },
  "motionOnlyArcsec": {
    "count": 1728,
    "max": 0.05437180229878744,
    "p95": 0.05433898858850307,
    "median": 0.04752563483054426
  },
  "wholeCatalogueEquatorialArcsec": {
    "count": 26763,
    "max": 0.3154948741973172,
    "p95": 0.302504391861025,
    "median": 0.1325908100675173
  },
  "earthPositionAu": {
    "count": 24,
    "max": 0.00015207612278515426,
    "p95": 0.00012747747795859525,
    "median": 0.00008400505596211106
  },
  "earthVelocityAuDay": {
    "count": 24,
    "max": 0.0000086266795647507,
    "p95": 0.000008456469126891275,
    "median": 0.000007465010271932972
  },
  "worstHorizontal": {
    "arcsec": 1.9070475003932925,
    "starId": "hyg:26662",
    "hip": 26727,
    "epoch": {
      "utcMs": 2525825250000,
      "jdUt1": 2469821.5885416665,
      "jdTt": 2469821.5894049997,
      "ttMinusUtcSeconds": 74.59199130535126,
      "dut1Seconds": 0
    },
    "location": {
      "name": "equator",
      "latDeg": 0,
      "lonDeg": 0,
      "heightM": 0
    },
    "runtime": {
      "alt": 29.201524250518347,
      "az": 267.7967857147992,
      "ra": 85.83060514744932,
      "dec": -1.9230929294348063
    },
    "oracle": {
      "alt": 29.202053220635914,
      "az": 267.7967531059612,
      "ra": 85.83057524898193,
      "dec": -1.9231114617340743
    }
  },
  "limits": {
    "horizontalArcsec": 5,
    "equatorialArcsec": 5,
    "motionOnlyArcsec": 0.1,
    "wholeCatalogueEquatorialArcsec": 5,
    "earthPositionAu": 0.003,
    "earthVelocityAuDay": 0.00005
  }
}

