{
  "status": "PASS",
  "observerCases": 3456,
  "bodyDirectionCases": 6912,
  "oracle": "Swiss Ephemeris 2.10.03",
  "scope": "2020,2026,2035; 12 months/year; four days/month; four UT1 times/day; six sites including poles. Refraction and eclipses excluded. Matched explicit TT/UT1, not a future clock prediction.",
  "acceptance": {
    "sunDirectionDeg": 0.05,
    "moonDirectionDeg": 0.15,
    "lunarPhaseDeg": 0.2,
    "lunarDistanceKm": 1500
  },
  "maximumErrors": {
    "sunDirectionDeg": 0.008693171046070865,
    "moonDirectionDeg": 0.0878924200251842,
    "lunarPhaseDeg": 0.0677563989267469,
    "lunarDistanceKm": 1247.925329954538
  },
  "horizontalMaximumErrors": {
    "sunDeg": 0.008678172841805208,
    "moonDeg": 0.087912386409398
  },
  "limits": [
    "Numerical ephemeris comparison, not measured atmospheric conditions",
    "No claim of CP4 stellar angular precision for this separate low-order lunar model",
    "Eclipse attenuation, actual terrain and horizon refraction not applied"
  ]
}
