slow-assets PASS 4.34 s
missing PASS 3.59 s
empty PASS 3.62 s
catalogue-corrupt PASS 4.53 s
manifest-corrupt PASS 4.05 s
diffuse-missing PASS 4.7 s
diffuse-corrupt PASS 4.44 s
obsolete-asset-completion PASS 4.41 s
asset-timeout PASS 18.12 s
constructor-failure PASS 4.31 s
startup-hang PASS 18.94 s
post-failure PASS 4.72 s
render-hang PASS 19.25 s
actual-worker-crash PASS 7.97 s
worker-message-error PASS 6.92 s
native-target-lifecycle PASS 27.95 s
wall-clock-and-reduced-motion PASS 10.7 s
native-prayer-calendar-clock PASS 13.05 s
native-settings-with-asset-failure PASS 5.72 s
LIFECYCLE PASS 19 cases 386 assertions
