✔ R0003 actual applyConfig A then B: obsolete A cannot change current data, zone or B cache (78.6376ms)
✔ R0003 positive actual applyConfig: later B succeeds after early A completion (47.3819ms)
✔ R0003 ABA identity: original A remains obsolete when coordinates return to A (51.3317ms)
✔ R0003 same coordinates method-only owns its captured request and cache (54.8093ms)
✔ R0003 same coordinates school-only owns its captured request and cache (55.9554ms)
✔ R0003 obsolete rejection and retained old timer cannot release or report over B (50.6778ms)
✔ R0003 obsolete tomorrow body cannot enter new selection or its cache (55.2832ms)
✔ R0003 winning response persists and reloads through actual selected-cache loader (75.8133ms)
✔ R0003 independent central slots retain B owners after A cleanup for all remote kinds (18.3302ms)
✔ R0003 abort removal leaves stale rejection and healthy B commitment intact (67.1083ms)
✔ R0003 mutant unconditional finally is killed by replacement-slot ownership (30.6522ms)
✔ R0003 historical Madinah/Riyadh to New York race preserves exact winning zone and Asr (41.7507ms)
✔ R0003 equator/prime-meridian current acquisition preserves numeric zero coordinates (51.5914ms)
✔ R0003 recording DOM seeds actual SKY markup classes before source callers (18.3271ms)
✔ R0003 SKY natural cold boot retains authored pending state through builders and acquisition (37.8154ms)
✔ R0003 SKY invalid boot reentry drops explicitly seeded prior-scene permission before its guard (13.3515ms)
✔ R0003 SKY accepted reset clears old scene after config and generation change (39.2199ms)
✔ R0003 SKY actual visibility rebases real elapsed cloud time and preserves held axes (44.5292ms)
✔ R0003 SKY same-day provider-zone reanchor reaches the actual projection identity guard (69.2414ms)
✔ R0003 SKY cold boot hook omission is non-discriminating with authored initial classes (82.6203ms)
✔ R0003 SKY reset-begin mutation is killed by the actual boundary effect (44.1923ms)
✔ R0003 SKY surface-drop mutation is killed by the actual boundary effect (49.4687ms)
✔ R0003 SKY elapsed-rebase mutation is killed by the actual boundary effect (18.0069ms)
✔ R0003 SKY projection-identity mutation is killed by the actual boundary effect (73.3351ms)
✔ R0004 empty Tokyo cache: first accepted current paint is resolved-zone day 8 (71.2865ms)
✔ R0004 selected main cache: valid resolved day 8 cache survives offline wrong hint (57.3525ms)
✔ R0004 positive explicitly matching Tokyo day 8 cache survives offline refresh (50.1454ms)
✔ R0004 wrong-day valid Tokyo cache cannot paint as current while offline (18.9913ms)
✔ R0004 zone-free-only cache remains a miss; no scanning or deletion (17.0554ms)
✔ R0004 both key variants choose only valid main envelope and preserve its bytes (55.2033ms)
✔ R0004 corrupt selected envelope cannot establish zone; healthy corrected body recovers (54.8793ms)
✔ R0004 correction still validates body identity; budget cannot make a third day request (19.5705ms)
{"cooldownMutantRequests":65}
✔ R0006 stalled headers settle three whole attempts by 32.7 seconds and start recovery loop (33.3403ms)
✔ R0006 stalled body is covered by same whole-attempt deadline (17.5305ms)
✔ R0006 positive two prompt failures preserve third success with 900/1800 backoffs (55.4167ms)
✔ R0006 same-day cold failure recovers at real elapsed 60s without midnight or wall clock (20.5358ms)
✔ R0006 deadline trace is 0/10900/22700; terminal operation clears timers and busy (15.4308ms)
✔ R0006 late old body after timeout cannot overwrite healthy retry or produce an unhandled rejection (48.5164ms)
✔ R0006 delayed timeout callback cannot admit a body beyond real elapsed deadline (55.1653ms)
✔ R0006 recovered same-day network at elapsed60s paints without reload or midnight (55.2267ms)
✔ R0006 forward wall retains real elapsed cold retry eligibility (20.894ms)
✔ R0006 backward wall retains real elapsed cold retry eligibility (20.0172ms)
✔ R0006 frozen scene retains real elapsed cold retry eligibility (43.2194ms)
✔ R0006 accelerated same-day scene retains real elapsed cold retry eligibility (34.4308ms)
✔ R0006 hidden cooldown schedules one current operation on eligible visible resume (14.5738ms)
✔ R0006 66 actual render opportunities with real retry delays make exactly six low-level starts (142.5164ms)
✔ R0006 mutant removing cooldown is killed by the same 66-opportunity schedule (170.8902ms)
✔ R0006 mutant removing cold branch is killed by same-day recovery (25.8719ms)
✔ R0006 mutant removing deadline recreates indefinitely pending headers (34.2783ms)
✔ R0006 headers-only deadline mutant is killed by stalled actual response body (27.3466ms)
ℹ tests 50
ℹ suites 0
ℹ pass 50
ℹ fail 0
ℹ cancelled 0
ℹ skipped 0
ℹ todo 0
ℹ duration_ms 1281.6173
