{
  "sourceSha256": "248764aa81436266da5306f7f2449afcf65b0be4db765dfbd0daa18db6d41ff3",
  "configSha256": "91a37863cd85e232e9a63bba9db533b82699e63140086ba4b78fcf9c0581ec81",
  "fixtureClock": "2026-09-07T09:30:00.000Z",
  "environment": "Node VM + recording DOM; actual config/model/render; art callbacks suspended; browser not implied",
  "results": [
    {
      "name": "ordinary actual renderer positive",
      "status": "PASS"
    },
    {
      "name": "hash format reaches both sinks inert",
      "status": "PASS"
    },
    {
      "name": "saved format reaches both sinks inert",
      "status": "PASS"
    },
    {
      "name": "provider months reach both sinks inert",
      "status": "PASS"
    },
    {
      "name": "admitted preview day reaches its own sink inert",
      "status": "PASS"
    },
    {
      "name": "after Maghrib selects tomorrow AH without preview",
      "status": "PASS"
    },
    {
      "name": "ordinary held-out tokens stay plain text",
      "status": "PASS"
    },
    {
      "name": "Arabic quotes ampersand angle literals encode exactly once",
      "status": "PASS"
    },
    {
      "name": "stale markup remains trusted alongside inert text",
      "status": "PASS"
    },
    {
      "name": "missing dates expose explicit successor unavailable output",
      "status": "PASS"
    },
    {
      "name": "ce-only encoding mutant is detected",
      "status": "PASS"
    },
    {
      "name": "ah-only encoding mutant is detected",
      "status": "PASS"
    },
    {
      "name": "preview-only encoding mutant is detected",
      "status": "PASS"
    }
  ]
}
