salah_widget: config.js missing — falling back to legacy hash parsing.
salah_widget: config.js missing — falling back to legacy hash parsing.
salah_widget: config.js missing — falling back to legacy hash parsing.
{
  "sourceSha256": "248764aa81436266da5306f7f2449afcf65b0be4db765dfbd0daa18db6d41ff3",
  "configSha256": "91a37863cd85e232e9a63bba9db533b82699e63140086ba4b78fcf9c0581ec81",
  "builderSha256": "66f1cd86cfb3d1e53b75c8840057564ccfa514a46cf1f13b6863673b0d83279e",
  "environment": "Complete actual source/config/render/builder and settings handlers; recording DOM/providers; unrelated acquisition/art suspended; native visuals/keyboard not implied",
  "results": [
    {
      "name": "existing method units and private acquisition evidence stay unchanged",
      "status": "PASS"
    },
    {
      "name": "default missing invalid and legacy saved appearance normalize to glass",
      "status": "PASS"
    },
    {
      "name": "appearance parser retains presence and accepted enum only",
      "status": "PASS"
    },
    {
      "name": "serializer contrast and explicit-default portable/local use canonical enum",
      "status": "PASS"
    },
    {
      "name": "explicit default overlays detected preferences without changing private metadata",
      "status": "PASS"
    },
    {
      "name": "saved local and preferLocal precedence stays stronger than URL appearance",
      "status": "PASS"
    },
    {
      "name": "contrast opt-in and opt-out reach the actual runtime card binding",
      "status": "PASS"
    },
    {
      "name": "actual settings form reads writes and close saves the appearance",
      "status": "PASS"
    },
    {
      "name": "refused save applies appearance for session and reports nonpersistent outcome",
      "status": "PASS"
    },
    {
      "name": "refused reset retains saved appearance and performs no detection",
      "status": "PASS"
    },
    {
      "name": "successful reset restores default glass without resaving it",
      "status": "PASS"
    },
    {
      "name": "explicit hash contrast survives reset as a configured preference",
      "status": "PASS"
    },
    {
      "name": "pending reset preserves later appearance edit and its close save",
      "status": "PASS"
    },
    {
      "name": "late preference return to explicit glass remains owned through reset",
      "status": "PASS"
    },
    {
      "name": "actual builder field updates portable preview and embed output in both modes",
      "status": "PASS"
    },
    {
      "name": "builder detection cannot silently replace selected contrast",
      "status": "PASS"
    },
    {
      "name": "legacy config-module failure parses appearance safely at actual source owner",
      "status": "PASS"
    }
  ]
}
