SOURCE 248764aa81436266da5306f7f2449afcf65b0be4db765dfbd0daa18db6d41ff3 TEMPORAL 4fadb995f60d76f51a23e884f9fbc343db9827c1bfb04baaa9de6cd7e94283f0
MUTANT anchor-only c657fad522dc26b4049df0f48a8cd06c081a30b8966bb48dab3560a9d143bb16 / broad-default 559e40fb9b26573864c3b9b2c7331cd767109fb6b10d3d67d010ba81556f64a2 / increasing-only 4d9cc5443a3128f212d1c3e525f792e88001f1f998bece395581b88b5b7e5c32 rejected
TAP version 13
# Subtest: ordinary simNow and nowParts follow wall step 0
ok 1 - ordinary simNow and nowParts follow wall step 0
  ---
  duration_ms: 12.8953
  type: 'test'
  ...
# Subtest: ordinary simNow and nowParts follow wall step 3600000
ok 2 - ordinary simNow and nowParts follow wall step 3600000
  ---
  duration_ms: 1.6071
  type: 'test'
  ...
# Subtest: ordinary simNow and nowParts follow wall step -3600000
ok 3 - ordinary simNow and nowParts follow wall step -3600000
  ---
  duration_ms: 1.4351
  type: 'test'
  ...
# Subtest: ordinary simNow and nowParts follow wall step 7200000
ok 4 - ordinary simNow and nowParts follow wall step 7200000
  ---
  duration_ms: 1.414
  type: 'test'
  ...
# Subtest: ordinary simNow and nowParts follow wall step -7200000
ok 5 - ordinary simNow and nowParts follow wall step -7200000
  ---
  duration_ms: 1.5627
  type: 'test'
  ...
# Subtest: actual loop renders forward and backward prayer-boundary corrections
ok 6 - actual loop renders forward and backward prayer-boundary corrections
  ---
  duration_ms: 38.4764
  type: 'test'
  ...
# Subtest: actual hidden/resumed loop reads the current wall once without missed-second replay
ok 7 - actual hidden/resumed loop reads the current wall once without missed-second replay
  ---
  duration_ms: 32.9959
  type: 'test'
  ...
# Subtest: anchor-only, broad-default and increasing-only loop mutants fail their independent controls
ok 8 - anchor-only, broad-default and increasing-only loop mutants fail their independent controls
  ---
  duration_ms: 32.9622
  type: 'test'
  ...
# Subtest: timeScale=1 retains anchor/rate after wall step 3600000
ok 9 - timeScale=1 retains anchor/rate after wall step 3600000
  ---
  duration_ms: 1.1781
  type: 'test'
  ...
# Subtest: timeScale=60 retains anchor/rate after wall step 3600000
ok 10 - timeScale=60 retains anchor/rate after wall step 3600000
  ---
  duration_ms: 0.9958
  type: 'test'
  ...
# Subtest: timeScale=0 retains anchor/rate after wall step 3600000
ok 11 - timeScale=0 retains anchor/rate after wall step 3600000
  ---
  duration_ms: 0.8924
  type: 'test'
  ...
# Subtest: timeScale= retains anchor/rate after wall step 3600000
ok 12 - timeScale= retains anchor/rate after wall step 3600000
  ---
  duration_ms: 0.7626
  type: 'test'
  ...
# Subtest: timeScale=invalid retains anchor/rate after wall step 3600000
ok 13 - timeScale=invalid retains anchor/rate after wall step 3600000
  ---
  duration_ms: 0.9394
  type: 'test'
  ...
# Subtest: timeScale=-5 retains anchor/rate after wall step 3600000
ok 14 - timeScale=-5 retains anchor/rate after wall step 3600000
  ---
  duration_ms: 0.7965
  type: 'test'
  ...
# Subtest: simTime=03:30 retains anchor/rate after wall step 3600000
ok 15 - simTime=03:30 retains anchor/rate after wall step 3600000
  ---
  duration_ms: 25.9229
  type: 'test'
  ...
# Subtest: simTime=03:30&timeScale=1 retains anchor/rate after wall step 3600000
ok 16 - simTime=03:30&timeScale=1 retains anchor/rate after wall step 3600000
  ---
  duration_ms: 26.6799
  type: 'test'
  ...
# Subtest: simTime=03:30&timeScale=60 retains anchor/rate after wall step 3600000
ok 17 - simTime=03:30&timeScale=60 retains anchor/rate after wall step 3600000
  ---
  duration_ms: 25.9474
  type: 'test'
  ...
# Subtest: timeScale=1 retains anchor/rate after wall step -3600000
ok 18 - timeScale=1 retains anchor/rate after wall step -3600000
  ---
  duration_ms: 0.8252
  type: 'test'
  ...
# Subtest: timeScale=60 retains anchor/rate after wall step -3600000
ok 19 - timeScale=60 retains anchor/rate after wall step -3600000
  ---
  duration_ms: 1.0412
  type: 'test'
  ...
# Subtest: timeScale=0 retains anchor/rate after wall step -3600000
ok 20 - timeScale=0 retains anchor/rate after wall step -3600000
  ---
  duration_ms: 0.8322
  type: 'test'
  ...
# Subtest: timeScale= retains anchor/rate after wall step -3600000
ok 21 - timeScale= retains anchor/rate after wall step -3600000
  ---
  duration_ms: 0.8636
  type: 'test'
  ...
# Subtest: timeScale=invalid retains anchor/rate after wall step -3600000
ok 22 - timeScale=invalid retains anchor/rate after wall step -3600000
  ---
  duration_ms: 0.9709
  type: 'test'
  ...
# Subtest: timeScale=-5 retains anchor/rate after wall step -3600000
ok 23 - timeScale=-5 retains anchor/rate after wall step -3600000
  ---
  duration_ms: 0.92
  type: 'test'
  ...
# Subtest: simTime=03:30 retains anchor/rate after wall step -3600000
ok 24 - simTime=03:30 retains anchor/rate after wall step -3600000
  ---
  duration_ms: 25.8313
  type: 'test'
  ...
# Subtest: simTime=03:30&timeScale=1 retains anchor/rate after wall step -3600000
ok 25 - simTime=03:30&timeScale=1 retains anchor/rate after wall step -3600000
  ---
  duration_ms: 25.5844
  type: 'test'
  ...
# Subtest: simTime=03:30&timeScale=60 retains anchor/rate after wall step -3600000
ok 26 - simTime=03:30&timeScale=60 retains anchor/rate after wall step -3600000
  ---
  duration_ms: 25.9034
  type: 'test'
  ...
# Subtest: timeScale=1 retains anchor/rate after wall step 7200000
ok 27 - timeScale=1 retains anchor/rate after wall step 7200000
  ---
  duration_ms: 0.8403
  type: 'test'
  ...
# Subtest: timeScale=60 retains anchor/rate after wall step 7200000
ok 28 - timeScale=60 retains anchor/rate after wall step 7200000
  ---
  duration_ms: 0.9389
  type: 'test'
  ...
# Subtest: timeScale=0 retains anchor/rate after wall step 7200000
ok 29 - timeScale=0 retains anchor/rate after wall step 7200000
  ---
  duration_ms: 1.0492
  type: 'test'
  ...
# Subtest: timeScale= retains anchor/rate after wall step 7200000
ok 30 - timeScale= retains anchor/rate after wall step 7200000
  ---
  duration_ms: 0.9878
  type: 'test'
  ...
# Subtest: timeScale=invalid retains anchor/rate after wall step 7200000
ok 31 - timeScale=invalid retains anchor/rate after wall step 7200000
  ---
  duration_ms: 0.9863
  type: 'test'
  ...
# Subtest: timeScale=-5 retains anchor/rate after wall step 7200000
ok 32 - timeScale=-5 retains anchor/rate after wall step 7200000
  ---
  duration_ms: 4.0462
  type: 'test'
  ...
# Subtest: simTime=03:30 retains anchor/rate after wall step 7200000
ok 33 - simTime=03:30 retains anchor/rate after wall step 7200000
  ---
  duration_ms: 25.7618
  type: 'test'
  ...
# Subtest: simTime=03:30&timeScale=1 retains anchor/rate after wall step 7200000
ok 34 - simTime=03:30&timeScale=1 retains anchor/rate after wall step 7200000
  ---
  duration_ms: 25.7711
  type: 'test'
  ...
# Subtest: simTime=03:30&timeScale=60 retains anchor/rate after wall step 7200000
ok 35 - simTime=03:30&timeScale=60 retains anchor/rate after wall step 7200000
  ---
  duration_ms: 25.8846
  type: 'test'
  ...
# Subtest: timeScale=1 retains anchor/rate after wall step -7200000
ok 36 - timeScale=1 retains anchor/rate after wall step -7200000
  ---
  duration_ms: 0.7634
  type: 'test'
  ...
# Subtest: timeScale=60 retains anchor/rate after wall step -7200000
ok 37 - timeScale=60 retains anchor/rate after wall step -7200000
  ---
  duration_ms: 0.8534
  type: 'test'
  ...
# Subtest: timeScale=0 retains anchor/rate after wall step -7200000
ok 38 - timeScale=0 retains anchor/rate after wall step -7200000
  ---
  duration_ms: 0.7971
  type: 'test'
  ...
# Subtest: timeScale= retains anchor/rate after wall step -7200000
ok 39 - timeScale= retains anchor/rate after wall step -7200000
  ---
  duration_ms: 0.7861
  type: 'test'
  ...
# Subtest: timeScale=invalid retains anchor/rate after wall step -7200000
ok 40 - timeScale=invalid retains anchor/rate after wall step -7200000
  ---
  duration_ms: 0.8579
  type: 'test'
  ...
# Subtest: timeScale=-5 retains anchor/rate after wall step -7200000
ok 41 - timeScale=-5 retains anchor/rate after wall step -7200000
  ---
  duration_ms: 0.9443
  type: 'test'
  ...
# Subtest: simTime=03:30 retains anchor/rate after wall step -7200000
ok 42 - simTime=03:30 retains anchor/rate after wall step -7200000
  ---
  duration_ms: 25.5842
  type: 'test'
  ...
# Subtest: simTime=03:30&timeScale=1 retains anchor/rate after wall step -7200000
ok 43 - simTime=03:30&timeScale=1 retains anchor/rate after wall step -7200000
  ---
  duration_ms: 26.1522
  type: 'test'
  ...
# Subtest: simTime=03:30&timeScale=60 retains anchor/rate after wall step -7200000
ok 44 - simTime=03:30&timeScale=60 retains anchor/rate after wall step -7200000
  ---
  duration_ms: 25.7929
  type: 'test'
  ...
1..44
# tests 44
# suites 0
# pass 44
# fail 0
# cancelled 0
# skipped 0
# todo 0
# duration_ms 474.7984
